Archive member included because of file (symbol)

./libee.a(ee_thact.o)         obj/code.o (EE_fp_ActivateTask)
./libee.a(ee_intvect.o)       obj/code.o (EE_atmega_intvect)
./libee.a(ee_hal_structs.o)   ./libee.a(ee_thact.o) (EE_IRQ_nesting_level)
./libee.a(ee_context.o)       ./libee.a(ee_thact.o) (EE_std_run_task_code)
./libee.a(ee_rqexchg.o)       ./libee.a(ee_thact.o) (EE_rq2stk_exchange)
./libee.a(ee_rqinsert.o)      ./libee.a(ee_thact.o) (EE_rq_insert)
./libee.a(ee_thendin.o)       ./libee.a(ee_context.o) (EE_thread_end_instance)
libarduinosdk.a(wiring.o)     obj/code.o (init)
libarduinosdk.a(HardwareSerial.o)
                              obj/code.o (Serial)
libarduinosdk.a(new.o)        libarduinosdk.a(HardwareSerial.o) (__cxa_pure_virtual)
libarduinosdk.a(Print.o)      libarduinosdk.a(HardwareSerial.o) (_ZN5Print5writeEPKhj)
libarduinosdk.a(WString.o)    libarduinosdk.a(Print.o) (_ZNK6StringixEj)
libarduinosdk.a(malloc.o)     libarduinosdk.a(new.o) (malloc)
libarduinosdk.a(realloc.o)    libarduinosdk.a(WString.o) (realloc)
/opt/case/compilers/avr8-gnu-toolchain-linux_x86/bin/../lib/gcc/avr/4.8.1/../../../../avr/lib/avr5/libm.a(addsf3.o)
                              libarduinosdk.a(Print.o) (__subsf3)
/opt/case/compilers/avr8-gnu-toolchain-linux_x86/bin/../lib/gcc/avr/4.8.1/../../../../avr/lib/avr5/libm.a(addsf3x.o)
                              /opt/case/compilers/avr8-gnu-toolchain-linux_x86/bin/../lib/gcc/avr/4.8.1/../../../../avr/lib/avr5/libm.a(addsf3.o) (__addsf3x)
/opt/case/compilers/avr8-gnu-toolchain-linux_x86/bin/../lib/gcc/avr/4.8.1/../../../../avr/lib/avr5/libm.a(cmpsf2.o)
                              libarduinosdk.a(Print.o) (__ltsf2)
/opt/case/compilers/avr8-gnu-toolchain-linux_x86/bin/../lib/gcc/avr/4.8.1/../../../../avr/lib/avr5/libm.a(divsf3.o)
                              libarduinosdk.a(Print.o) (__divsf3)
/opt/case/compilers/avr8-gnu-toolchain-linux_x86/bin/../lib/gcc/avr/4.8.1/../../../../avr/lib/avr5/libm.a(divsf3x.o)
                              /opt/case/compilers/avr8-gnu-toolchain-linux_x86/bin/../lib/gcc/avr/4.8.1/../../../../avr/lib/avr5/libm.a(divsf3.o) (__divsf3x)
/opt/case/compilers/avr8-gnu-toolchain-linux_x86/bin/../lib/gcc/avr/4.8.1/../../../../avr/lib/avr5/libm.a(fixsfsi.o)
                              obj/task.o (__fixsfsi)
/opt/case/compilers/avr8-gnu-toolchain-linux_x86/bin/../lib/gcc/avr/4.8.1/../../../../avr/lib/avr5/libm.a(fixunssfsi.o)
                              libarduinosdk.a(Print.o) (__fixunssfsi)
/opt/case/compilers/avr8-gnu-toolchain-linux_x86/bin/../lib/gcc/avr/4.8.1/../../../../avr/lib/avr5/libm.a(floatsisf.o)
                              libarduinosdk.a(Print.o) (__floatunsisf)
/opt/case/compilers/avr8-gnu-toolchain-linux_x86/bin/../lib/gcc/avr/4.8.1/../../../../avr/lib/avr5/libm.a(fp_cmp.o)
                              /opt/case/compilers/avr8-gnu-toolchain-linux_x86/bin/../lib/gcc/avr/4.8.1/../../../../avr/lib/avr5/libm.a(cmpsf2.o) (__fp_cmp)
/opt/case/compilers/avr8-gnu-toolchain-linux_x86/bin/../lib/gcc/avr/4.8.1/../../../../avr/lib/avr5/libm.a(fp_inf.o)
                              /opt/case/compilers/avr8-gnu-toolchain-linux_x86/bin/../lib/gcc/avr/4.8.1/../../../../avr/lib/avr5/libm.a(addsf3x.o) (__fp_inf)
/opt/case/compilers/avr8-gnu-toolchain-linux_x86/bin/../lib/gcc/avr/4.8.1/../../../../avr/lib/avr5/libm.a(fp_nan.o)
                              /opt/case/compilers/avr8-gnu-toolchain-linux_x86/bin/../lib/gcc/avr/4.8.1/../../../../avr/lib/avr5/libm.a(addsf3x.o) (__fp_nan)
/opt/case/compilers/avr8-gnu-toolchain-linux_x86/bin/../lib/gcc/avr/4.8.1/../../../../avr/lib/avr5/libm.a(fp_pscA.o)
                              /opt/case/compilers/avr8-gnu-toolchain-linux_x86/bin/../lib/gcc/avr/4.8.1/../../../../avr/lib/avr5/libm.a(addsf3x.o) (__fp_pscA)
/opt/case/compilers/avr8-gnu-toolchain-linux_x86/bin/../lib/gcc/avr/4.8.1/../../../../avr/lib/avr5/libm.a(fp_pscB.o)
                              /opt/case/compilers/avr8-gnu-toolchain-linux_x86/bin/../lib/gcc/avr/4.8.1/../../../../avr/lib/avr5/libm.a(addsf3x.o) (__fp_pscB)
/opt/case/compilers/avr8-gnu-toolchain-linux_x86/bin/../lib/gcc/avr/4.8.1/../../../../avr/lib/avr5/libm.a(fp_round.o)
                              /opt/case/compilers/avr8-gnu-toolchain-linux_x86/bin/../lib/gcc/avr/4.8.1/../../../../avr/lib/avr5/libm.a(addsf3.o) (__fp_round)
/opt/case/compilers/avr8-gnu-toolchain-linux_x86/bin/../lib/gcc/avr/4.8.1/../../../../avr/lib/avr5/libm.a(fp_split3.o)
                              /opt/case/compilers/avr8-gnu-toolchain-linux_x86/bin/../lib/gcc/avr/4.8.1/../../../../avr/lib/avr5/libm.a(addsf3x.o) (__fp_split3)
/opt/case/compilers/avr8-gnu-toolchain-linux_x86/bin/../lib/gcc/avr/4.8.1/../../../../avr/lib/avr5/libm.a(fp_zero.o)
                              /opt/case/compilers/avr8-gnu-toolchain-linux_x86/bin/../lib/gcc/avr/4.8.1/../../../../avr/lib/avr5/libm.a(addsf3x.o) (__fp_zero)
/opt/case/compilers/avr8-gnu-toolchain-linux_x86/bin/../lib/gcc/avr/4.8.1/../../../../avr/lib/avr5/libm.a(gesf2.o)
                              libarduinosdk.a(Print.o) (__gtsf2)
/opt/case/compilers/avr8-gnu-toolchain-linux_x86/bin/../lib/gcc/avr/4.8.1/../../../../avr/lib/avr5/libm.a(mulsf3.o)
                              obj/task.o (__mulsf3)
/opt/case/compilers/avr8-gnu-toolchain-linux_x86/bin/../lib/gcc/avr/4.8.1/../../../../avr/lib/avr5/libm.a(mulsf3x.o)
                              /opt/case/compilers/avr8-gnu-toolchain-linux_x86/bin/../lib/gcc/avr/4.8.1/../../../../avr/lib/avr5/libm.a(mulsf3.o) (__mulsf3x)
/opt/case/compilers/avr8-gnu-toolchain-linux_x86/bin/../lib/gcc/avr/4.8.1/../../../../avr/lib/avr5/libm.a(unordsf2.o)
                              libarduinosdk.a(Print.o) (__unordsf2)
/opt/case/compilers/avr8-gnu-toolchain-linux_x86/bin/../lib/gcc/avr/4.8.1/avr5/libgcc.a(_udivmodsi4.o)
                              libarduinosdk.a(HardwareSerial.o) (__udivmodsi4)
/opt/case/compilers/avr8-gnu-toolchain-linux_x86/bin/../lib/gcc/avr/4.8.1/avr5/libgcc.a(_exit.o)
                              /opt/case/compilers/avr8-gnu-toolchain-linux_x86/bin/../lib/gcc/avr/4.8.1/../../../../avr/lib/avr5/crtm328p.o (exit)
/opt/case/compilers/avr8-gnu-toolchain-linux_x86/bin/../lib/gcc/avr/4.8.1/avr5/libgcc.a(_copy_data.o)
                              obj/eecfg.o (__do_copy_data)
/opt/case/compilers/avr8-gnu-toolchain-linux_x86/bin/../lib/gcc/avr/4.8.1/avr5/libgcc.a(_clear_bss.o)
                              obj/eecfg.o (__do_clear_bss)
/opt/case/compilers/avr8-gnu-toolchain-linux_x86/bin/../lib/gcc/avr/4.8.1/avr5/libgcc.a(_ctors.o)
                              libarduinosdk.a(HardwareSerial.o) (__do_global_ctors)
/opt/case/compilers/avr8-gnu-toolchain-linux_x86/bin/../lib/gcc/avr/4.8.1/avr5/libgcc.a(_tablejump.o)
                              /opt/case/compilers/avr8-gnu-toolchain-linux_x86/bin/../lib/gcc/avr/4.8.1/avr5/libgcc.a(_ctors.o) (__tablejump__)
/opt/case/compilers/avr8-gnu-toolchain-linux_x86/bin/../lib/gcc/avr/4.8.1/../../../../avr/lib/avr5/libc.a(atol.o)
                              libarduinosdk.a(WString.o) (atol)
/opt/case/compilers/avr8-gnu-toolchain-linux_x86/bin/../lib/gcc/avr/4.8.1/../../../../avr/lib/avr5/libc.a(isspace.o)
                              libarduinosdk.a(WString.o) (isspace)
/opt/case/compilers/avr8-gnu-toolchain-linux_x86/bin/../lib/gcc/avr/4.8.1/../../../../avr/lib/avr5/libc.a(tolower.o)
                              libarduinosdk.a(WString.o) (tolower)
/opt/case/compilers/avr8-gnu-toolchain-linux_x86/bin/../lib/gcc/avr/4.8.1/../../../../avr/lib/avr5/libc.a(toupper.o)
                              libarduinosdk.a(WString.o) (toupper)
/opt/case/compilers/avr8-gnu-toolchain-linux_x86/bin/../lib/gcc/avr/4.8.1/../../../../avr/lib/avr5/libc.a(memcpy.o)
                              libarduinosdk.a(WString.o) (memcpy)
/opt/case/compilers/avr8-gnu-toolchain-linux_x86/bin/../lib/gcc/avr/4.8.1/../../../../avr/lib/avr5/libc.a(memmove.o)
                              libarduinosdk.a(WString.o) (memmove)
/opt/case/compilers/avr8-gnu-toolchain-linux_x86/bin/../lib/gcc/avr/4.8.1/../../../../avr/lib/avr5/libc.a(strchr.o)
                              libarduinosdk.a(WString.o) (strchr)
/opt/case/compilers/avr8-gnu-toolchain-linux_x86/bin/../lib/gcc/avr/4.8.1/../../../../avr/lib/avr5/libc.a(strcmp.o)
                              libarduinosdk.a(WString.o) (strcmp)
/opt/case/compilers/avr8-gnu-toolchain-linux_x86/bin/../lib/gcc/avr/4.8.1/../../../../avr/lib/avr5/libc.a(strcpy.o)
                              libarduinosdk.a(WString.o) (strcpy)
/opt/case/compilers/avr8-gnu-toolchain-linux_x86/bin/../lib/gcc/avr/4.8.1/../../../../avr/lib/avr5/libc.a(strncmp.o)
                              libarduinosdk.a(WString.o) (strncmp)
/opt/case/compilers/avr8-gnu-toolchain-linux_x86/bin/../lib/gcc/avr/4.8.1/../../../../avr/lib/avr5/libc.a(strncpy.o)
                              libarduinosdk.a(WString.o) (strncpy)
/opt/case/compilers/avr8-gnu-toolchain-linux_x86/bin/../lib/gcc/avr/4.8.1/../../../../avr/lib/avr5/libc.a(strrchr.o)
                              libarduinosdk.a(WString.o) (strrchr)
/opt/case/compilers/avr8-gnu-toolchain-linux_x86/bin/../lib/gcc/avr/4.8.1/../../../../avr/lib/avr5/libc.a(strstr.o)
                              libarduinosdk.a(WString.o) (strstr)
/opt/case/compilers/avr8-gnu-toolchain-linux_x86/bin/../lib/gcc/avr/4.8.1/../../../../avr/lib/avr5/libc.a(itoa.o)
                              libarduinosdk.a(WString.o) (__itoa)
/opt/case/compilers/avr8-gnu-toolchain-linux_x86/bin/../lib/gcc/avr/4.8.1/../../../../avr/lib/avr5/libc.a(itoa_ncheck.o)
                              /opt/case/compilers/avr8-gnu-toolchain-linux_x86/bin/../lib/gcc/avr/4.8.1/../../../../avr/lib/avr5/libc.a(itoa.o) (__itoa_ncheck)
/opt/case/compilers/avr8-gnu-toolchain-linux_x86/bin/../lib/gcc/avr/4.8.1/../../../../avr/lib/avr5/libc.a(ltoa.o)
                              libarduinosdk.a(WString.o) (__ltoa)
/opt/case/compilers/avr8-gnu-toolchain-linux_x86/bin/../lib/gcc/avr/4.8.1/../../../../avr/lib/avr5/libc.a(ltoa_ncheck.o)
                              /opt/case/compilers/avr8-gnu-toolchain-linux_x86/bin/../lib/gcc/avr/4.8.1/../../../../avr/lib/avr5/libc.a(ltoa.o) (__ltoa_ncheck)
/opt/case/compilers/avr8-gnu-toolchain-linux_x86/bin/../lib/gcc/avr/4.8.1/../../../../avr/lib/avr5/libc.a(mulsi10.o)
                              /opt/case/compilers/avr8-gnu-toolchain-linux_x86/bin/../lib/gcc/avr/4.8.1/../../../../avr/lib/avr5/libc.a(atol.o) (__mulsi_const_10)
/opt/case/compilers/avr8-gnu-toolchain-linux_x86/bin/../lib/gcc/avr/4.8.1/../../../../avr/lib/avr5/libc.a(ultoa.o)
                              libarduinosdk.a(WString.o) (__ultoa)
/opt/case/compilers/avr8-gnu-toolchain-linux_x86/bin/../lib/gcc/avr/4.8.1/../../../../avr/lib/avr5/libc.a(ultoa_ncheck.o)
                              /opt/case/compilers/avr8-gnu-toolchain-linux_x86/bin/../lib/gcc/avr/4.8.1/../../../../avr/lib/avr5/libc.a(ultoa.o) (__ultoa_ncheck)
/opt/case/compilers/avr8-gnu-toolchain-linux_x86/bin/../lib/gcc/avr/4.8.1/../../../../avr/lib/avr5/libc.a(utoa.o)
                              libarduinosdk.a(WString.o) (__utoa)
/opt/case/compilers/avr8-gnu-toolchain-linux_x86/bin/../lib/gcc/avr/4.8.1/../../../../avr/lib/avr5/libc.a(utoa_ncheck.o)
                              /opt/case/compilers/avr8-gnu-toolchain-linux_x86/bin/../lib/gcc/avr/4.8.1/../../../../avr/lib/avr5/libc.a(utoa.o) (__utoa_ncheck)
/opt/case/compilers/avr8-gnu-toolchain-linux_x86/bin/../lib/gcc/avr/4.8.1/../../../../avr/lib/avr5/libc.a(cty_isfalse.o)
                              /opt/case/compilers/avr8-gnu-toolchain-linux_x86/bin/../lib/gcc/avr/4.8.1/../../../../avr/lib/avr5/libc.a(isspace.o) (__ctype_isfalse)
/opt/case/compilers/avr8-gnu-toolchain-linux_x86/bin/../lib/gcc/avr/4.8.1/../../../../avr/lib/avr5/libc.a(strrev.o)
                              /opt/case/compilers/avr8-gnu-toolchain-linux_x86/bin/../lib/gcc/avr/4.8.1/../../../../avr/lib/avr5/libc.a(ultoa_ncheck.o) (strrev)

Allocating common symbols
Common symbol       size              file

EE_resource_oldceiling
                    0x1               obj/eecfg.o
distance            0x2               obj/task.o
__brkval            0x2               libarduinosdk.a(malloc.o)
EE_IRQ_nesting_level
                    0x1               ./libee.a(ee_hal_structs.o)
duration            0x4               obj/task.o
EE_std_endcycle_next_tid
                    0x1               ./libee.a(ee_hal_structs.o)
__flp               0x2               libarduinosdk.a(malloc.o)
EE_th_nact          0x1               obj/eecfg.o

Discarded input sections

 .bss           0x00000000        0x0 /opt/case/compilers/avr8-gnu-toolchain-linux_x86/bin/../lib/gcc/avr/4.8.1/../../../../avr/lib/avr5/crtm328p.o
 .text          0x00000000        0x0 obj/eecfg.o
 .bss           0x00000000        0x0 obj/eecfg.o
 .rodata.EE_resource_ceiling
                0x00000000        0x1 obj/eecfg.o
 .text          0x00000000        0x0 obj/code.o
 .bss           0x00000000        0x0 obj/code.o
 .text          0x00000000        0x0 obj/task.o
 .bss           0x00000000        0x0 obj/task.o
 .text          0x00000000        0x0 ./libee.a(ee_thact.o)
 .bss           0x00000000        0x0 ./libee.a(ee_thact.o)
 .text          0x00000000        0x0 ./libee.a(ee_intvect.o)
 .bss           0x00000000        0x0 ./libee.a(ee_intvect.o)
 .text          0x00000000        0x0 ./libee.a(ee_hal_structs.o)
 .bss           0x00000000        0x0 ./libee.a(ee_hal_structs.o)
 .text          0x00000000        0x0 ./libee.a(ee_context.o)
 .bss           0x00000000        0x0 ./libee.a(ee_context.o)
 .text          0x00000000        0x0 ./libee.a(ee_rqexchg.o)
 .bss           0x00000000        0x0 ./libee.a(ee_rqexchg.o)
 .text          0x00000000        0x0 ./libee.a(ee_rqinsert.o)
 .bss           0x00000000        0x0 ./libee.a(ee_rqinsert.o)
 .text          0x00000000        0x0 ./libee.a(ee_thendin.o)
 .bss           0x00000000        0x0 ./libee.a(ee_thendin.o)
 .text          0x00000000        0x0 libarduinosdk.a(wiring.o)
 .bss           0x00000000        0x0 libarduinosdk.a(wiring.o)
 .text.millis   0x00000000       0x18 libarduinosdk.a(wiring.o)
 .text.micros   0x00000000       0x46 libarduinosdk.a(wiring.o)
 .text.delay    0x00000000       0x4c libarduinosdk.a(wiring.o)
 .text.delayMicroseconds
                0x00000000       0x16 libarduinosdk.a(wiring.o)
 .group         0x00000000        0x8 libarduinosdk.a(HardwareSerial.o)
 .group         0x00000000        0x8 libarduinosdk.a(HardwareSerial.o)
 .text          0x00000000        0x0 libarduinosdk.a(HardwareSerial.o)
 .bss           0x00000000        0x0 libarduinosdk.a(HardwareSerial.o)
 .text._ZN14HardwareSerialC2EP11ring_bufferS1_PVhS3_S3_S3_S3_S3_hhhhh
                0x00000000       0x88 libarduinosdk.a(HardwareSerial.o)
 .text._ZN14HardwareSerial5beginEmh
                0x00000000      0x10c libarduinosdk.a(HardwareSerial.o)
 .text._ZN14HardwareSerial3endEv
                0x00000000       0xaa libarduinosdk.a(HardwareSerial.o)
 .text._ZN14HardwareSerialcvbEv
                0x00000000        0x4 libarduinosdk.a(HardwareSerial.o)
 .rodata._ZTV6Stream
                0x00000000       0x10 libarduinosdk.a(HardwareSerial.o)
 .text          0x00000000        0x0 libarduinosdk.a(new.o)
 .bss           0x00000000        0x0 libarduinosdk.a(new.o)
 .text._Znwj    0x00000000        0x4 libarduinosdk.a(new.o)
 .text._Znaj    0x00000000        0x4 libarduinosdk.a(new.o)
 .text._ZdlPv   0x00000000        0x4 libarduinosdk.a(new.o)
 .text._ZdaPv   0x00000000        0x4 libarduinosdk.a(new.o)
 .text.__cxa_guard_acquire
                0x00000000       0x12 libarduinosdk.a(new.o)
 .text.__cxa_guard_release
                0x00000000        0x8 libarduinosdk.a(new.o)
 .text.__cxa_guard_abort
                0x00000000        0x2 libarduinosdk.a(new.o)
 .text.__cxa_pure_virtual
                0x00000000        0x2 libarduinosdk.a(new.o)
 .group         0x00000000        0x8 libarduinosdk.a(Print.o)
 .group         0x00000000        0x8 libarduinosdk.a(Print.o)
 .text          0x00000000        0x0 libarduinosdk.a(Print.o)
 .bss           0x00000000        0x0 libarduinosdk.a(Print.o)
 .text._ZN5Print5writeEPKc
                0x00000000       0x2c libarduinosdk.a(Print.o)
 .text._ZN5Print5printEPK19__FlashStringHelper
                0x00000000       0x4a libarduinosdk.a(Print.o)
 .text._ZN5Print5printERK6String
                0x00000000       0x6a libarduinosdk.a(Print.o)
 .text._ZN5Print5printEPKc
                0x00000000        0x4 libarduinosdk.a(Print.o)
 .text._ZN5Print5printEc
                0x00000000        0xe libarduinosdk.a(Print.o)
 .text._ZN5Print5printERK9Printable
                0x00000000       0x14 libarduinosdk.a(Print.o)
 .text._ZN5Print7printlnEv
                0x00000000       0x28 libarduinosdk.a(Print.o)
 .text._ZN5Print7printlnEPK19__FlashStringHelper
                0x00000000       0x24 libarduinosdk.a(Print.o)
 .text._ZN5Print7printlnERK6String
                0x00000000       0x24 libarduinosdk.a(Print.o)
 .text._ZN5Print7printlnEPKc
                0x00000000       0x24 libarduinosdk.a(Print.o)
 .text._ZN5Print7printlnEc
                0x00000000       0x24 libarduinosdk.a(Print.o)
 .text._ZN5Print7printlnERK9Printable
                0x00000000       0x24 libarduinosdk.a(Print.o)
 .text._ZN5Print11printNumberEmh
                0x00000000       0xb2 libarduinosdk.a(Print.o)
 .text._ZN5Print5printEli
                0x00000000       0x94 libarduinosdk.a(Print.o)
 .text._ZN5Print5printEii
                0x00000000       0x10 libarduinosdk.a(Print.o)
 .text._ZN5Print7printlnEii
                0x00000000       0x30 libarduinosdk.a(Print.o)
 .text._ZN5Print7printlnEli
                0x00000000       0x24 libarduinosdk.a(Print.o)
 .text._ZN5Print5printEmi
                0x00000000       0x1a libarduinosdk.a(Print.o)
 .text._ZN5Print5printEhi
                0x00000000        0xe libarduinosdk.a(Print.o)
 .text._ZN5Print7printlnEhi
                0x00000000       0x2e libarduinosdk.a(Print.o)
 .text._ZN5Print5printEji
                0x00000000        0xc libarduinosdk.a(Print.o)
 .text._ZN5Print7printlnEji
                0x00000000       0x2c libarduinosdk.a(Print.o)
 .text._ZN5Print7printlnEmi
                0x00000000       0x24 libarduinosdk.a(Print.o)
 .rodata.str1.1
                0x00000000        0xe libarduinosdk.a(Print.o)
 .text._ZN5Print10printFloatEdh
                0x00000000      0x1d6 libarduinosdk.a(Print.o)
 .text._ZN5Print5printEdi
                0x00000000        0x4 libarduinosdk.a(Print.o)
 .text._ZN5Print7printlnEdi
                0x00000000       0x24 libarduinosdk.a(Print.o)
 .rodata._ZTV5Print
                0x00000000        0x8 libarduinosdk.a(Print.o)
 .group         0x00000000        0x8 libarduinosdk.a(WString.o)
 .group         0x00000000        0x8 libarduinosdk.a(WString.o)
 .group         0x00000000        0x8 libarduinosdk.a(WString.o)
 .group         0x00000000        0x8 libarduinosdk.a(WString.o)
 .text          0x00000000        0x0 libarduinosdk.a(WString.o)
 .bss           0x00000000        0x0 libarduinosdk.a(WString.o)
 .text.itoa     0x00000000        0x4 libarduinosdk.a(WString.o)
 .text.ltoa     0x00000000        0x4 libarduinosdk.a(WString.o)
 .text.utoa     0x00000000        0x4 libarduinosdk.a(WString.o)
 .text.ultoa    0x00000000        0x4 libarduinosdk.a(WString.o)
 .text._ZN6StringD2Ev
                0x00000000        0xa libarduinosdk.a(WString.o)
 .text._ZN6String10invalidateEv
                0x00000000       0x24 libarduinosdk.a(WString.o)
 .text._ZN6String12changeBufferEj
                0x00000000       0x34 libarduinosdk.a(WString.o)
 .text._ZN6String7reserveEj
                0x00000000       0x38 libarduinosdk.a(WString.o)
 .text._ZN6String4copyEPKcj
                0x00000000       0x42 libarduinosdk.a(WString.o)
 .text._ZN6StringC2EPKc
                0x00000000       0x2e libarduinosdk.a(WString.o)
 .text._ZN6StringaSERKS_
                0x00000000       0x2e libarduinosdk.a(WString.o)
 .text._ZN6StringC2ERKS_
                0x00000000       0x14 libarduinosdk.a(WString.o)
 .text._ZN6StringaSEPKc
                0x00000000       0x30 libarduinosdk.a(WString.o)
 .text._ZN6StringC2Ec
                0x00000000       0x32 libarduinosdk.a(WString.o)
 .text._ZN6StringC2Ehh
                0x00000000       0x5c libarduinosdk.a(WString.o)
 .text._ZN6StringC2Eih
                0x00000000       0x5a libarduinosdk.a(WString.o)
 .text._ZN6StringC2Ejh
                0x00000000       0x5a libarduinosdk.a(WString.o)
 .text._ZN6StringC2Elh
                0x00000000       0x5c libarduinosdk.a(WString.o)
 .text._ZN6StringC2Emh
                0x00000000       0x5c libarduinosdk.a(WString.o)
 .text._ZN6String6concatEPKcj
                0x00000000       0x58 libarduinosdk.a(WString.o)
 .text._ZN6String6concatERKS_
                0x00000000        0xe libarduinosdk.a(WString.o)
 .text._ZN6String6concatEPKc
                0x00000000       0x20 libarduinosdk.a(WString.o)
 .text._ZN6String6concatEc
                0x00000000       0x26 libarduinosdk.a(WString.o)
 .text._ZN6String6concatEh
                0x00000000       0x5a libarduinosdk.a(WString.o)
 .text._ZN6String6concatEi
                0x00000000       0x64 libarduinosdk.a(WString.o)
 .text._ZN6String6concatEj
                0x00000000       0x5e libarduinosdk.a(WString.o)
 .text._ZN6String6concatEl
                0x00000000       0x66 libarduinosdk.a(WString.o)
 .text._ZN6String6concatEm
                0x00000000       0x66 libarduinosdk.a(WString.o)
 .text._ZplRK15StringSumHelperRK6String
                0x00000000       0x26 libarduinosdk.a(WString.o)
 .text._ZplRK15StringSumHelperPKc
                0x00000000       0x34 libarduinosdk.a(WString.o)
 .text._ZplRK15StringSumHelperc
                0x00000000       0x1c libarduinosdk.a(WString.o)
 .text._ZplRK15StringSumHelperh
                0x00000000       0x1c libarduinosdk.a(WString.o)
 .text._ZplRK15StringSumHelperi
                0x00000000       0x1c libarduinosdk.a(WString.o)
 .text._ZplRK15StringSumHelperj
                0x00000000       0x1c libarduinosdk.a(WString.o)
 .text._ZplRK15StringSumHelperl
                0x00000000       0x1c libarduinosdk.a(WString.o)
 .text._ZplRK15StringSumHelperm
                0x00000000       0x1c libarduinosdk.a(WString.o)
 .text._ZNK6String9compareToERKS_
                0x00000000       0x60 libarduinosdk.a(WString.o)
 .text._ZNK6String6equalsERKS_
                0x00000000       0x26 libarduinosdk.a(WString.o)
 .text._ZNK6String6equalsEPKc
                0x00000000       0x3e libarduinosdk.a(WString.o)
 .text._ZNK6StringltERKS_
                0x00000000        0xe libarduinosdk.a(WString.o)
 .text._ZNK6StringgtERKS_
                0x00000000       0x12 libarduinosdk.a(WString.o)
 .text._ZNK6StringleERKS_
                0x00000000       0x12 libarduinosdk.a(WString.o)
 .text._ZNK6StringgeERKS_
                0x00000000       0x10 libarduinosdk.a(WString.o)
 .text._ZNK6String16equalsIgnoreCaseERKS_
                0x00000000       0x72 libarduinosdk.a(WString.o)
 .text._ZNK6String10startsWithERKS_j
                0x00000000       0x48 libarduinosdk.a(WString.o)
 .text._ZNK6String10startsWithERKS_
                0x00000000       0x1e libarduinosdk.a(WString.o)
 .text._ZNK6String8endsWithERKS_
                0x00000000       0x42 libarduinosdk.a(WString.o)
 .text._ZN6String9setCharAtEjc
                0x00000000       0x1c libarduinosdk.a(WString.o)
 .text._ZN6StringixEj
                0x00000000       0x24 libarduinosdk.a(WString.o)
 .text._ZNK6StringixEj
                0x00000000       0x22 libarduinosdk.a(WString.o)
 .text._ZNK6String6charAtEj
                0x00000000        0x4 libarduinosdk.a(WString.o)
 .text._ZNK6String8getBytesEPhjj
                0x00000000       0x54 libarduinosdk.a(WString.o)
 .text._ZNK6String7indexOfEcj
                0x00000000       0x38 libarduinosdk.a(WString.o)
 .text._ZNK6String7indexOfEc
                0x00000000        0x8 libarduinosdk.a(WString.o)
 .text._ZNK6String7indexOfERKS_j
                0x00000000       0x38 libarduinosdk.a(WString.o)
 .text._ZNK6String7indexOfERKS_
                0x00000000        0x8 libarduinosdk.a(WString.o)
 .text._ZNK6String11lastIndexOfEcj
                0x00000000       0x66 libarduinosdk.a(WString.o)
 .text._ZNK6String11lastIndexOfEc
                0x00000000        0xe libarduinosdk.a(WString.o)
 .text._ZNK6String11lastIndexOfERKS_j
                0x00000000       0x9c libarduinosdk.a(WString.o)
 .text._ZNK6String11lastIndexOfERKS_
                0x00000000       0x14 libarduinosdk.a(WString.o)
 .rodata.str1.1
                0x00000000        0x1 libarduinosdk.a(WString.o)
 .text._ZNK6String9substringEjj
                0x00000000       0x8a libarduinosdk.a(WString.o)
 .text._ZNK6String9substringEj
                0x00000000       0x18 libarduinosdk.a(WString.o)
 .text._ZN6String7replaceEcc
                0x00000000       0x1c libarduinosdk.a(WString.o)
 .text._ZN6String7replaceERKS_S1_
                0x00000000      0x1e6 libarduinosdk.a(WString.o)
 .text._ZN6String11toLowerCaseEv
                0x00000000       0x28 libarduinosdk.a(WString.o)
 .text._ZN6String11toUpperCaseEv
                0x00000000       0x28 libarduinosdk.a(WString.o)
 .text._ZN6String4trimEv
                0x00000000       0xbe libarduinosdk.a(WString.o)
 .text._ZNK6String5toIntEv
                0x00000000       0x16 libarduinosdk.a(WString.o)
 .bss._ZZN6StringixEjE19dummy_writable_char
                0x00000000        0x1 libarduinosdk.a(WString.o)
 .text          0x00000000        0x0 libarduinosdk.a(malloc.o)
 .bss           0x00000000        0x0 libarduinosdk.a(malloc.o)
 .text.avr-libc
                0x00000000      0x24e libarduinosdk.a(malloc.o)
 .data.__malloc_heap_end
                0x00000000        0x2 libarduinosdk.a(malloc.o)
 .data.__malloc_heap_start
                0x00000000        0x2 libarduinosdk.a(malloc.o)
 .data.__malloc_margin
                0x00000000        0x2 libarduinosdk.a(malloc.o)
 COMMON         0x00000000        0x4 libarduinosdk.a(malloc.o)
 .text          0x00000000        0x0 libarduinosdk.a(realloc.o)
 .bss           0x00000000        0x0 libarduinosdk.a(realloc.o)
 .text.avr-libc
                0x00000000      0x1d2 libarduinosdk.a(realloc.o)
 .text          0x00000000        0x0 /opt/case/compilers/avr8-gnu-toolchain-linux_x86/bin/../lib/gcc/avr/4.8.1/../../../../avr/lib/avr5/libm.a(addsf3.o)
 .bss           0x00000000        0x0 /opt/case/compilers/avr8-gnu-toolchain-linux_x86/bin/../lib/gcc/avr/4.8.1/../../../../avr/lib/avr5/libm.a(addsf3.o)
 .text.avr-libc.fplib
                0x00000000        0xa /opt/case/compilers/avr8-gnu-toolchain-linux_x86/bin/../lib/gcc/avr/4.8.1/../../../../avr/lib/avr5/libm.a(addsf3.o)
 .text          0x00000000        0x0 /opt/case/compilers/avr8-gnu-toolchain-linux_x86/bin/../lib/gcc/avr/4.8.1/../../../../avr/lib/avr5/libm.a(addsf3x.o)
 .bss           0x00000000        0x0 /opt/case/compilers/avr8-gnu-toolchain-linux_x86/bin/../lib/gcc/avr/4.8.1/../../../../avr/lib/avr5/libm.a(addsf3x.o)
 .text.avr-libc.fplib
                0x00000000       0xc0 /opt/case/compilers/avr8-gnu-toolchain-linux_x86/bin/../lib/gcc/avr/4.8.1/../../../../avr/lib/avr5/libm.a(addsf3x.o)
 .text          0x00000000        0x0 /opt/case/compilers/avr8-gnu-toolchain-linux_x86/bin/../lib/gcc/avr/4.8.1/../../../../avr/lib/avr5/libm.a(cmpsf2.o)
 .bss           0x00000000        0x0 /opt/case/compilers/avr8-gnu-toolchain-linux_x86/bin/../lib/gcc/avr/4.8.1/../../../../avr/lib/avr5/libm.a(cmpsf2.o)
 .text.avr-libc.fplib
                0x00000000        0x8 /opt/case/compilers/avr8-gnu-toolchain-linux_x86/bin/../lib/gcc/avr/4.8.1/../../../../avr/lib/avr5/libm.a(cmpsf2.o)
 .text          0x00000000        0x0 /opt/case/compilers/avr8-gnu-toolchain-linux_x86/bin/../lib/gcc/avr/4.8.1/../../../../avr/lib/avr5/libm.a(divsf3.o)
 .bss           0x00000000        0x0 /opt/case/compilers/avr8-gnu-toolchain-linux_x86/bin/../lib/gcc/avr/4.8.1/../../../../avr/lib/avr5/libm.a(divsf3.o)
 .text.avr-libc.fplib
                0x00000000        0x4 /opt/case/compilers/avr8-gnu-toolchain-linux_x86/bin/../lib/gcc/avr/4.8.1/../../../../avr/lib/avr5/libm.a(divsf3.o)
 .text          0x00000000        0x0 /opt/case/compilers/avr8-gnu-toolchain-linux_x86/bin/../lib/gcc/avr/4.8.1/../../../../avr/lib/avr5/libm.a(divsf3x.o)
 .bss           0x00000000        0x0 /opt/case/compilers/avr8-gnu-toolchain-linux_x86/bin/../lib/gcc/avr/4.8.1/../../../../avr/lib/avr5/libm.a(divsf3x.o)
 .text.avr-libc.fplib
                0x00000000       0xcc /opt/case/compilers/avr8-gnu-toolchain-linux_x86/bin/../lib/gcc/avr/4.8.1/../../../../avr/lib/avr5/libm.a(divsf3x.o)
 .text          0x00000000        0x0 /opt/case/compilers/avr8-gnu-toolchain-linux_x86/bin/../lib/gcc/avr/4.8.1/../../../../avr/lib/avr5/libm.a(fixsfsi.o)
 .bss           0x00000000        0x0 /opt/case/compilers/avr8-gnu-toolchain-linux_x86/bin/../lib/gcc/avr/4.8.1/../../../../avr/lib/avr5/libm.a(fixsfsi.o)
 .text          0x00000000        0x0 /opt/case/compilers/avr8-gnu-toolchain-linux_x86/bin/../lib/gcc/avr/4.8.1/../../../../avr/lib/avr5/libm.a(fixunssfsi.o)
 .bss           0x00000000        0x0 /opt/case/compilers/avr8-gnu-toolchain-linux_x86/bin/../lib/gcc/avr/4.8.1/../../../../avr/lib/avr5/libm.a(fixunssfsi.o)
 .text          0x00000000        0x0 /opt/case/compilers/avr8-gnu-toolchain-linux_x86/bin/../lib/gcc/avr/4.8.1/../../../../avr/lib/avr5/libm.a(floatsisf.o)
 .bss           0x00000000        0x0 /opt/case/compilers/avr8-gnu-toolchain-linux_x86/bin/../lib/gcc/avr/4.8.1/../../../../avr/lib/avr5/libm.a(floatsisf.o)
 .text          0x00000000        0x0 /opt/case/compilers/avr8-gnu-toolchain-linux_x86/bin/../lib/gcc/avr/4.8.1/../../../../avr/lib/avr5/libm.a(fp_cmp.o)
 .bss           0x00000000        0x0 /opt/case/compilers/avr8-gnu-toolchain-linux_x86/bin/../lib/gcc/avr/4.8.1/../../../../avr/lib/avr5/libm.a(fp_cmp.o)
 .text.avr-libc.fplib
                0x00000000       0x48 /opt/case/compilers/avr8-gnu-toolchain-linux_x86/bin/../lib/gcc/avr/4.8.1/../../../../avr/lib/avr5/libm.a(fp_cmp.o)
 .text          0x00000000        0x0 /opt/case/compilers/avr8-gnu-toolchain-linux_x86/bin/../lib/gcc/avr/4.8.1/../../../../avr/lib/avr5/libm.a(fp_inf.o)
 .bss           0x00000000        0x0 /opt/case/compilers/avr8-gnu-toolchain-linux_x86/bin/../lib/gcc/avr/4.8.1/../../../../avr/lib/avr5/libm.a(fp_inf.o)
 .text          0x00000000        0x0 /opt/case/compilers/avr8-gnu-toolchain-linux_x86/bin/../lib/gcc/avr/4.8.1/../../../../avr/lib/avr5/libm.a(fp_nan.o)
 .bss           0x00000000        0x0 /opt/case/compilers/avr8-gnu-toolchain-linux_x86/bin/../lib/gcc/avr/4.8.1/../../../../avr/lib/avr5/libm.a(fp_nan.o)
 .text          0x00000000        0x0 /opt/case/compilers/avr8-gnu-toolchain-linux_x86/bin/../lib/gcc/avr/4.8.1/../../../../avr/lib/avr5/libm.a(fp_pscA.o)
 .bss           0x00000000        0x0 /opt/case/compilers/avr8-gnu-toolchain-linux_x86/bin/../lib/gcc/avr/4.8.1/../../../../avr/lib/avr5/libm.a(fp_pscA.o)
 .text          0x00000000        0x0 /opt/case/compilers/avr8-gnu-toolchain-linux_x86/bin/../lib/gcc/avr/4.8.1/../../../../avr/lib/avr5/libm.a(fp_pscB.o)
 .bss           0x00000000        0x0 /opt/case/compilers/avr8-gnu-toolchain-linux_x86/bin/../lib/gcc/avr/4.8.1/../../../../avr/lib/avr5/libm.a(fp_pscB.o)
 .text          0x00000000        0x0 /opt/case/compilers/avr8-gnu-toolchain-linux_x86/bin/../lib/gcc/avr/4.8.1/../../../../avr/lib/avr5/libm.a(fp_round.o)
 .bss           0x00000000        0x0 /opt/case/compilers/avr8-gnu-toolchain-linux_x86/bin/../lib/gcc/avr/4.8.1/../../../../avr/lib/avr5/libm.a(fp_round.o)
 .text          0x00000000        0x0 /opt/case/compilers/avr8-gnu-toolchain-linux_x86/bin/../lib/gcc/avr/4.8.1/../../../../avr/lib/avr5/libm.a(fp_split3.o)
 .bss           0x00000000        0x0 /opt/case/compilers/avr8-gnu-toolchain-linux_x86/bin/../lib/gcc/avr/4.8.1/../../../../avr/lib/avr5/libm.a(fp_split3.o)
 .text          0x00000000        0x0 /opt/case/compilers/avr8-gnu-toolchain-linux_x86/bin/../lib/gcc/avr/4.8.1/../../../../avr/lib/avr5/libm.a(fp_zero.o)
 .bss           0x00000000        0x0 /opt/case/compilers/avr8-gnu-toolchain-linux_x86/bin/../lib/gcc/avr/4.8.1/../../../../avr/lib/avr5/libm.a(fp_zero.o)
 .text          0x00000000        0x0 /opt/case/compilers/avr8-gnu-toolchain-linux_x86/bin/../lib/gcc/avr/4.8.1/../../../../avr/lib/avr5/libm.a(gesf2.o)
 .bss           0x00000000        0x0 /opt/case/compilers/avr8-gnu-toolchain-linux_x86/bin/../lib/gcc/avr/4.8.1/../../../../avr/lib/avr5/libm.a(gesf2.o)
 .text.avr-libc.fplib
                0x00000000        0x8 /opt/case/compilers/avr8-gnu-toolchain-linux_x86/bin/../lib/gcc/avr/4.8.1/../../../../avr/lib/avr5/libm.a(gesf2.o)
 .text          0x00000000        0x0 /opt/case/compilers/avr8-gnu-toolchain-linux_x86/bin/../lib/gcc/avr/4.8.1/../../../../avr/lib/avr5/libm.a(mulsf3.o)
 .bss           0x00000000        0x0 /opt/case/compilers/avr8-gnu-toolchain-linux_x86/bin/../lib/gcc/avr/4.8.1/../../../../avr/lib/avr5/libm.a(mulsf3.o)
 .text          0x00000000        0x0 /opt/case/compilers/avr8-gnu-toolchain-linux_x86/bin/../lib/gcc/avr/4.8.1/../../../../avr/lib/avr5/libm.a(mulsf3x.o)
 .bss           0x00000000        0x0 /opt/case/compilers/avr8-gnu-toolchain-linux_x86/bin/../lib/gcc/avr/4.8.1/../../../../avr/lib/avr5/libm.a(mulsf3x.o)
 .text          0x00000000        0x0 /opt/case/compilers/avr8-gnu-toolchain-linux_x86/bin/../lib/gcc/avr/4.8.1/../../../../avr/lib/avr5/libm.a(unordsf2.o)
 .bss           0x00000000        0x0 /opt/case/compilers/avr8-gnu-toolchain-linux_x86/bin/../lib/gcc/avr/4.8.1/../../../../avr/lib/avr5/libm.a(unordsf2.o)
 .text.avr-libc.fplib
                0x00000000        0x8 /opt/case/compilers/avr8-gnu-toolchain-linux_x86/bin/../lib/gcc/avr/4.8.1/../../../../avr/lib/avr5/libm.a(unordsf2.o)
 .text          0x00000000        0x0 /opt/case/compilers/avr8-gnu-toolchain-linux_x86/bin/../lib/gcc/avr/4.8.1/avr5/libgcc.a(_udivmodsi4.o)
 .bss           0x00000000        0x0 /opt/case/compilers/avr8-gnu-toolchain-linux_x86/bin/../lib/gcc/avr/4.8.1/avr5/libgcc.a(_udivmodsi4.o)
 .text.libgcc.mul
                0x00000000        0x0 /opt/case/compilers/avr8-gnu-toolchain-linux_x86/bin/../lib/gcc/avr/4.8.1/avr5/libgcc.a(_udivmodsi4.o)
 .text.libgcc   0x00000000        0x0 /opt/case/compilers/avr8-gnu-toolchain-linux_x86/bin/../lib/gcc/avr/4.8.1/avr5/libgcc.a(_udivmodsi4.o)
 .text.libgcc.prologue
                0x00000000        0x0 /opt/case/compilers/avr8-gnu-toolchain-linux_x86/bin/../lib/gcc/avr/4.8.1/avr5/libgcc.a(_udivmodsi4.o)
 .text.libgcc.builtins
                0x00000000        0x0 /opt/case/compilers/avr8-gnu-toolchain-linux_x86/bin/../lib/gcc/avr/4.8.1/avr5/libgcc.a(_udivmodsi4.o)
 .text.libgcc.fmul
                0x00000000        0x0 /opt/case/compilers/avr8-gnu-toolchain-linux_x86/bin/../lib/gcc/avr/4.8.1/avr5/libgcc.a(_udivmodsi4.o)
 .text.libgcc.fixed
                0x00000000        0x0 /opt/case/compilers/avr8-gnu-toolchain-linux_x86/bin/../lib/gcc/avr/4.8.1/avr5/libgcc.a(_udivmodsi4.o)
 .text          0x00000000        0x0 /opt/case/compilers/avr8-gnu-toolchain-linux_x86/bin/../lib/gcc/avr/4.8.1/avr5/libgcc.a(_exit.o)
 .bss           0x00000000        0x0 /opt/case/compilers/avr8-gnu-toolchain-linux_x86/bin/../lib/gcc/avr/4.8.1/avr5/libgcc.a(_exit.o)
 .text.libgcc.mul
                0x00000000        0x0 /opt/case/compilers/avr8-gnu-toolchain-linux_x86/bin/../lib/gcc/avr/4.8.1/avr5/libgcc.a(_exit.o)
 .text.libgcc.div
                0x00000000        0x0 /opt/case/compilers/avr8-gnu-toolchain-linux_x86/bin/../lib/gcc/avr/4.8.1/avr5/libgcc.a(_exit.o)
 .text.libgcc   0x00000000        0x0 /opt/case/compilers/avr8-gnu-toolchain-linux_x86/bin/../lib/gcc/avr/4.8.1/avr5/libgcc.a(_exit.o)
 .text.libgcc.prologue
                0x00000000        0x0 /opt/case/compilers/avr8-gnu-toolchain-linux_x86/bin/../lib/gcc/avr/4.8.1/avr5/libgcc.a(_exit.o)
 .text.libgcc.builtins
                0x00000000        0x0 /opt/case/compilers/avr8-gnu-toolchain-linux_x86/bin/../lib/gcc/avr/4.8.1/avr5/libgcc.a(_exit.o)
 .text.libgcc.fmul
                0x00000000        0x0 /opt/case/compilers/avr8-gnu-toolchain-linux_x86/bin/../lib/gcc/avr/4.8.1/avr5/libgcc.a(_exit.o)
 .text.libgcc.fixed
                0x00000000        0x0 /opt/case/compilers/avr8-gnu-toolchain-linux_x86/bin/../lib/gcc/avr/4.8.1/avr5/libgcc.a(_exit.o)
 .text          0x00000000        0x0 /opt/case/compilers/avr8-gnu-toolchain-linux_x86/bin/../lib/gcc/avr/4.8.1/avr5/libgcc.a(_copy_data.o)
 .bss           0x00000000        0x0 /opt/case/compilers/avr8-gnu-toolchain-linux_x86/bin/../lib/gcc/avr/4.8.1/avr5/libgcc.a(_copy_data.o)
 .text.libgcc.mul
                0x00000000        0x0 /opt/case/compilers/avr8-gnu-toolchain-linux_x86/bin/../lib/gcc/avr/4.8.1/avr5/libgcc.a(_copy_data.o)
 .text.libgcc.div
                0x00000000        0x0 /opt/case/compilers/avr8-gnu-toolchain-linux_x86/bin/../lib/gcc/avr/4.8.1/avr5/libgcc.a(_copy_data.o)
 .text.libgcc   0x00000000        0x0 /opt/case/compilers/avr8-gnu-toolchain-linux_x86/bin/../lib/gcc/avr/4.8.1/avr5/libgcc.a(_copy_data.o)
 .text.libgcc.prologue
                0x00000000        0x0 /opt/case/compilers/avr8-gnu-toolchain-linux_x86/bin/../lib/gcc/avr/4.8.1/avr5/libgcc.a(_copy_data.o)
 .text.libgcc.builtins
                0x00000000        0x0 /opt/case/compilers/avr8-gnu-toolchain-linux_x86/bin/../lib/gcc/avr/4.8.1/avr5/libgcc.a(_copy_data.o)
 .text.libgcc.fmul
                0x00000000        0x0 /opt/case/compilers/avr8-gnu-toolchain-linux_x86/bin/../lib/gcc/avr/4.8.1/avr5/libgcc.a(_copy_data.o)
 .text.libgcc.fixed
                0x00000000        0x0 /opt/case/compilers/avr8-gnu-toolchain-linux_x86/bin/../lib/gcc/avr/4.8.1/avr5/libgcc.a(_copy_data.o)
 .text          0x00000000        0x0 /opt/case/compilers/avr8-gnu-toolchain-linux_x86/bin/../lib/gcc/avr/4.8.1/avr5/libgcc.a(_clear_bss.o)
 .bss           0x00000000        0x0 /opt/case/compilers/avr8-gnu-toolchain-linux_x86/bin/../lib/gcc/avr/4.8.1/avr5/libgcc.a(_clear_bss.o)
 .text.libgcc.mul
                0x00000000        0x0 /opt/case/compilers/avr8-gnu-toolchain-linux_x86/bin/../lib/gcc/avr/4.8.1/avr5/libgcc.a(_clear_bss.o)
 .text.libgcc.div
                0x00000000        0x0 /opt/case/compilers/avr8-gnu-toolchain-linux_x86/bin/../lib/gcc/avr/4.8.1/avr5/libgcc.a(_clear_bss.o)
 .text.libgcc   0x00000000        0x0 /opt/case/compilers/avr8-gnu-toolchain-linux_x86/bin/../lib/gcc/avr/4.8.1/avr5/libgcc.a(_clear_bss.o)
 .text.libgcc.prologue
                0x00000000        0x0 /opt/case/compilers/avr8-gnu-toolchain-linux_x86/bin/../lib/gcc/avr/4.8.1/avr5/libgcc.a(_clear_bss.o)
 .text.libgcc.builtins
                0x00000000        0x0 /opt/case/compilers/avr8-gnu-toolchain-linux_x86/bin/../lib/gcc/avr/4.8.1/avr5/libgcc.a(_clear_bss.o)
 .text.libgcc.fmul
                0x00000000        0x0 /opt/case/compilers/avr8-gnu-toolchain-linux_x86/bin/../lib/gcc/avr/4.8.1/avr5/libgcc.a(_clear_bss.o)
 .text.libgcc.fixed
                0x00000000        0x0 /opt/case/compilers/avr8-gnu-toolchain-linux_x86/bin/../lib/gcc/avr/4.8.1/avr5/libgcc.a(_clear_bss.o)
 .text          0x00000000        0x0 /opt/case/compilers/avr8-gnu-toolchain-linux_x86/bin/../lib/gcc/avr/4.8.1/avr5/libgcc.a(_ctors.o)
 .bss           0x00000000        0x0 /opt/case/compilers/avr8-gnu-toolchain-linux_x86/bin/../lib/gcc/avr/4.8.1/avr5/libgcc.a(_ctors.o)
 .text.libgcc.mul
                0x00000000        0x0 /opt/case/compilers/avr8-gnu-toolchain-linux_x86/bin/../lib/gcc/avr/4.8.1/avr5/libgcc.a(_ctors.o)
 .text.libgcc.div
                0x00000000        0x0 /opt/case/compilers/avr8-gnu-toolchain-linux_x86/bin/../lib/gcc/avr/4.8.1/avr5/libgcc.a(_ctors.o)
 .text.libgcc   0x00000000        0x0 /opt/case/compilers/avr8-gnu-toolchain-linux_x86/bin/../lib/gcc/avr/4.8.1/avr5/libgcc.a(_ctors.o)
 .text.libgcc.prologue
                0x00000000        0x0 /opt/case/compilers/avr8-gnu-toolchain-linux_x86/bin/../lib/gcc/avr/4.8.1/avr5/libgcc.a(_ctors.o)
 .text.libgcc.builtins
                0x00000000        0x0 /opt/case/compilers/avr8-gnu-toolchain-linux_x86/bin/../lib/gcc/avr/4.8.1/avr5/libgcc.a(_ctors.o)
 .text.libgcc.fmul
                0x00000000        0x0 /opt/case/compilers/avr8-gnu-toolchain-linux_x86/bin/../lib/gcc/avr/4.8.1/avr5/libgcc.a(_ctors.o)
 .text.libgcc.fixed
                0x00000000        0x0 /opt/case/compilers/avr8-gnu-toolchain-linux_x86/bin/../lib/gcc/avr/4.8.1/avr5/libgcc.a(_ctors.o)
 .text          0x00000000        0x0 /opt/case/compilers/avr8-gnu-toolchain-linux_x86/bin/../lib/gcc/avr/4.8.1/avr5/libgcc.a(_tablejump.o)
 .bss           0x00000000        0x0 /opt/case/compilers/avr8-gnu-toolchain-linux_x86/bin/../lib/gcc/avr/4.8.1/avr5/libgcc.a(_tablejump.o)
 .text.libgcc.mul
                0x00000000        0x0 /opt/case/compilers/avr8-gnu-toolchain-linux_x86/bin/../lib/gcc/avr/4.8.1/avr5/libgcc.a(_tablejump.o)
 .text.libgcc.div
                0x00000000        0x0 /opt/case/compilers/avr8-gnu-toolchain-linux_x86/bin/../lib/gcc/avr/4.8.1/avr5/libgcc.a(_tablejump.o)
 .text.libgcc.prologue
                0x00000000        0x0 /opt/case/compilers/avr8-gnu-toolchain-linux_x86/bin/../lib/gcc/avr/4.8.1/avr5/libgcc.a(_tablejump.o)
 .text.libgcc.builtins
                0x00000000        0x0 /opt/case/compilers/avr8-gnu-toolchain-linux_x86/bin/../lib/gcc/avr/4.8.1/avr5/libgcc.a(_tablejump.o)
 .text.libgcc.fmul
                0x00000000        0x0 /opt/case/compilers/avr8-gnu-toolchain-linux_x86/bin/../lib/gcc/avr/4.8.1/avr5/libgcc.a(_tablejump.o)
 .text.libgcc.fixed
                0x00000000        0x0 /opt/case/compilers/avr8-gnu-toolchain-linux_x86/bin/../lib/gcc/avr/4.8.1/avr5/libgcc.a(_tablejump.o)
 .text          0x00000000        0x0 /opt/case/compilers/avr8-gnu-toolchain-linux_x86/bin/../lib/gcc/avr/4.8.1/../../../../avr/lib/avr5/libc.a(atol.o)
 .bss           0x00000000        0x0 /opt/case/compilers/avr8-gnu-toolchain-linux_x86/bin/../lib/gcc/avr/4.8.1/../../../../avr/lib/avr5/libc.a(atol.o)
 .text.avr-libc
                0x00000000       0x4e /opt/case/compilers/avr8-gnu-toolchain-linux_x86/bin/../lib/gcc/avr/4.8.1/../../../../avr/lib/avr5/libc.a(atol.o)
 .text          0x00000000        0x0 /opt/case/compilers/avr8-gnu-toolchain-linux_x86/bin/../lib/gcc/avr/4.8.1/../../../../avr/lib/avr5/libc.a(isspace.o)
 .bss           0x00000000        0x0 /opt/case/compilers/avr8-gnu-toolchain-linux_x86/bin/../lib/gcc/avr/4.8.1/../../../../avr/lib/avr5/libc.a(isspace.o)
 .text.avr-libc
                0x00000000       0x10 /opt/case/compilers/avr8-gnu-toolchain-linux_x86/bin/../lib/gcc/avr/4.8.1/../../../../avr/lib/avr5/libc.a(isspace.o)
 .text          0x00000000        0x0 /opt/case/compilers/avr8-gnu-toolchain-linux_x86/bin/../lib/gcc/avr/4.8.1/../../../../avr/lib/avr5/libc.a(tolower.o)
 .bss           0x00000000        0x0 /opt/case/compilers/avr8-gnu-toolchain-linux_x86/bin/../lib/gcc/avr/4.8.1/../../../../avr/lib/avr5/libc.a(tolower.o)
 .text.avr-libc
                0x00000000       0x10 /opt/case/compilers/avr8-gnu-toolchain-linux_x86/bin/../lib/gcc/avr/4.8.1/../../../../avr/lib/avr5/libc.a(tolower.o)
 .text          0x00000000        0x0 /opt/case/compilers/avr8-gnu-toolchain-linux_x86/bin/../lib/gcc/avr/4.8.1/../../../../avr/lib/avr5/libc.a(toupper.o)
 .bss           0x00000000        0x0 /opt/case/compilers/avr8-gnu-toolchain-linux_x86/bin/../lib/gcc/avr/4.8.1/../../../../avr/lib/avr5/libc.a(toupper.o)
 .text.avr-libc
                0x00000000       0x10 /opt/case/compilers/avr8-gnu-toolchain-linux_x86/bin/../lib/gcc/avr/4.8.1/../../../../avr/lib/avr5/libc.a(toupper.o)
 .text          0x00000000        0x0 /opt/case/compilers/avr8-gnu-toolchain-linux_x86/bin/../lib/gcc/avr/4.8.1/../../../../avr/lib/avr5/libc.a(memcpy.o)
 .bss           0x00000000        0x0 /opt/case/compilers/avr8-gnu-toolchain-linux_x86/bin/../lib/gcc/avr/4.8.1/../../../../avr/lib/avr5/libc.a(memcpy.o)
 .text.avr-libc
                0x00000000       0x12 /opt/case/compilers/avr8-gnu-toolchain-linux_x86/bin/../lib/gcc/avr/4.8.1/../../../../avr/lib/avr5/libc.a(memcpy.o)
 .text          0x00000000        0x0 /opt/case/compilers/avr8-gnu-toolchain-linux_x86/bin/../lib/gcc/avr/4.8.1/../../../../avr/lib/avr5/libc.a(memmove.o)
 .bss           0x00000000        0x0 /opt/case/compilers/avr8-gnu-toolchain-linux_x86/bin/../lib/gcc/avr/4.8.1/../../../../avr/lib/avr5/libc.a(memmove.o)
 .text.avr-libc
                0x00000000       0x24 /opt/case/compilers/avr8-gnu-toolchain-linux_x86/bin/../lib/gcc/avr/4.8.1/../../../../avr/lib/avr5/libc.a(memmove.o)
 .text          0x00000000        0x0 /opt/case/compilers/avr8-gnu-toolchain-linux_x86/bin/../lib/gcc/avr/4.8.1/../../../../avr/lib/avr5/libc.a(strchr.o)
 .bss           0x00000000        0x0 /opt/case/compilers/avr8-gnu-toolchain-linux_x86/bin/../lib/gcc/avr/4.8.1/../../../../avr/lib/avr5/libc.a(strchr.o)
 .text.avr-libc
                0x00000000       0x16 /opt/case/compilers/avr8-gnu-toolchain-linux_x86/bin/../lib/gcc/avr/4.8.1/../../../../avr/lib/avr5/libc.a(strchr.o)
 .text          0x00000000        0x0 /opt/case/compilers/avr8-gnu-toolchain-linux_x86/bin/../lib/gcc/avr/4.8.1/../../../../avr/lib/avr5/libc.a(strcmp.o)
 .bss           0x00000000        0x0 /opt/case/compilers/avr8-gnu-toolchain-linux_x86/bin/../lib/gcc/avr/4.8.1/../../../../avr/lib/avr5/libc.a(strcmp.o)
 .text.avr-libc
                0x00000000       0x12 /opt/case/compilers/avr8-gnu-toolchain-linux_x86/bin/../lib/gcc/avr/4.8.1/../../../../avr/lib/avr5/libc.a(strcmp.o)
 .text          0x00000000        0x0 /opt/case/compilers/avr8-gnu-toolchain-linux_x86/bin/../lib/gcc/avr/4.8.1/../../../../avr/lib/avr5/libc.a(strcpy.o)
 .bss           0x00000000        0x0 /opt/case/compilers/avr8-gnu-toolchain-linux_x86/bin/../lib/gcc/avr/4.8.1/../../../../avr/lib/avr5/libc.a(strcpy.o)
 .text.avr-libc
                0x00000000        0xe /opt/case/compilers/avr8-gnu-toolchain-linux_x86/bin/../lib/gcc/avr/4.8.1/../../../../avr/lib/avr5/libc.a(strcpy.o)
 .text          0x00000000        0x0 /opt/case/compilers/avr8-gnu-toolchain-linux_x86/bin/../lib/gcc/avr/4.8.1/../../../../avr/lib/avr5/libc.a(strncmp.o)
 .bss           0x00000000        0x0 /opt/case/compilers/avr8-gnu-toolchain-linux_x86/bin/../lib/gcc/avr/4.8.1/../../../../avr/lib/avr5/libc.a(strncmp.o)
 .text.avr-libc
                0x00000000       0x1c /opt/case/compilers/avr8-gnu-toolchain-linux_x86/bin/../lib/gcc/avr/4.8.1/../../../../avr/lib/avr5/libc.a(strncmp.o)
 .text          0x00000000        0x0 /opt/case/compilers/avr8-gnu-toolchain-linux_x86/bin/../lib/gcc/avr/4.8.1/../../../../avr/lib/avr5/libc.a(strncpy.o)
 .bss           0x00000000        0x0 /opt/case/compilers/avr8-gnu-toolchain-linux_x86/bin/../lib/gcc/avr/4.8.1/../../../../avr/lib/avr5/libc.a(strncpy.o)
 .text.avr-libc
                0x00000000       0x1e /opt/case/compilers/avr8-gnu-toolchain-linux_x86/bin/../lib/gcc/avr/4.8.1/../../../../avr/lib/avr5/libc.a(strncpy.o)
 .text          0x00000000        0x0 /opt/case/compilers/avr8-gnu-toolchain-linux_x86/bin/../lib/gcc/avr/4.8.1/../../../../avr/lib/avr5/libc.a(strrchr.o)
 .bss           0x00000000        0x0 /opt/case/compilers/avr8-gnu-toolchain-linux_x86/bin/../lib/gcc/avr/4.8.1/../../../../avr/lib/avr5/libc.a(strrchr.o)
 .text.avr-libc
                0x00000000       0x16 /opt/case/compilers/avr8-gnu-toolchain-linux_x86/bin/../lib/gcc/avr/4.8.1/../../../../avr/lib/avr5/libc.a(strrchr.o)
 .text          0x00000000        0x0 /opt/case/compilers/avr8-gnu-toolchain-linux_x86/bin/../lib/gcc/avr/4.8.1/../../../../avr/lib/avr5/libc.a(strstr.o)
 .bss           0x00000000        0x0 /opt/case/compilers/avr8-gnu-toolchain-linux_x86/bin/../lib/gcc/avr/4.8.1/../../../../avr/lib/avr5/libc.a(strstr.o)
 .text.avr-libc
                0x00000000       0x34 /opt/case/compilers/avr8-gnu-toolchain-linux_x86/bin/../lib/gcc/avr/4.8.1/../../../../avr/lib/avr5/libc.a(strstr.o)
 .text          0x00000000        0x0 /opt/case/compilers/avr8-gnu-toolchain-linux_x86/bin/../lib/gcc/avr/4.8.1/../../../../avr/lib/avr5/libc.a(itoa.o)
 .bss           0x00000000        0x0 /opt/case/compilers/avr8-gnu-toolchain-linux_x86/bin/../lib/gcc/avr/4.8.1/../../../../avr/lib/avr5/libc.a(itoa.o)
 .text.avr-libc
                0x00000000       0x16 /opt/case/compilers/avr8-gnu-toolchain-linux_x86/bin/../lib/gcc/avr/4.8.1/../../../../avr/lib/avr5/libc.a(itoa.o)
 .text          0x00000000        0x0 /opt/case/compilers/avr8-gnu-toolchain-linux_x86/bin/../lib/gcc/avr/4.8.1/../../../../avr/lib/avr5/libc.a(itoa_ncheck.o)
 .bss           0x00000000        0x0 /opt/case/compilers/avr8-gnu-toolchain-linux_x86/bin/../lib/gcc/avr/4.8.1/../../../../avr/lib/avr5/libc.a(itoa_ncheck.o)
 .text.avr-libc
                0x00000000       0x16 /opt/case/compilers/avr8-gnu-toolchain-linux_x86/bin/../lib/gcc/avr/4.8.1/../../../../avr/lib/avr5/libc.a(itoa_ncheck.o)
 .text          0x00000000        0x0 /opt/case/compilers/avr8-gnu-toolchain-linux_x86/bin/../lib/gcc/avr/4.8.1/../../../../avr/lib/avr5/libc.a(ltoa.o)
 .bss           0x00000000        0x0 /opt/case/compilers/avr8-gnu-toolchain-linux_x86/bin/../lib/gcc/avr/4.8.1/../../../../avr/lib/avr5/libc.a(ltoa.o)
 .text.avr-libc
                0x00000000       0x16 /opt/case/compilers/avr8-gnu-toolchain-linux_x86/bin/../lib/gcc/avr/4.8.1/../../../../avr/lib/avr5/libc.a(ltoa.o)
 .text          0x00000000        0x0 /opt/case/compilers/avr8-gnu-toolchain-linux_x86/bin/../lib/gcc/avr/4.8.1/../../../../avr/lib/avr5/libc.a(ltoa_ncheck.o)
 .bss           0x00000000        0x0 /opt/case/compilers/avr8-gnu-toolchain-linux_x86/bin/../lib/gcc/avr/4.8.1/../../../../avr/lib/avr5/libc.a(ltoa_ncheck.o)
 .text.avr-libc
                0x00000000       0x1e /opt/case/compilers/avr8-gnu-toolchain-linux_x86/bin/../lib/gcc/avr/4.8.1/../../../../avr/lib/avr5/libc.a(ltoa_ncheck.o)
 .text          0x00000000        0x0 /opt/case/compilers/avr8-gnu-toolchain-linux_x86/bin/../lib/gcc/avr/4.8.1/../../../../avr/lib/avr5/libc.a(mulsi10.o)
 .bss           0x00000000        0x0 /opt/case/compilers/avr8-gnu-toolchain-linux_x86/bin/../lib/gcc/avr/4.8.1/../../../../avr/lib/avr5/libc.a(mulsi10.o)
 .text.avr-libc
                0x00000000       0x2a /opt/case/compilers/avr8-gnu-toolchain-linux_x86/bin/../lib/gcc/avr/4.8.1/../../../../avr/lib/avr5/libc.a(mulsi10.o)
 .text          0x00000000        0x0 /opt/case/compilers/avr8-gnu-toolchain-linux_x86/bin/../lib/gcc/avr/4.8.1/../../../../avr/lib/avr5/libc.a(ultoa.o)
 .bss           0x00000000        0x0 /opt/case/compilers/avr8-gnu-toolchain-linux_x86/bin/../lib/gcc/avr/4.8.1/../../../../avr/lib/avr5/libc.a(ultoa.o)
 .text.avr-libc
                0x00000000       0x16 /opt/case/compilers/avr8-gnu-toolchain-linux_x86/bin/../lib/gcc/avr/4.8.1/../../../../avr/lib/avr5/libc.a(ultoa.o)
 .text          0x00000000        0x0 /opt/case/compilers/avr8-gnu-toolchain-linux_x86/bin/../lib/gcc/avr/4.8.1/../../../../avr/lib/avr5/libc.a(ultoa_ncheck.o)
 .bss           0x00000000        0x0 /opt/case/compilers/avr8-gnu-toolchain-linux_x86/bin/../lib/gcc/avr/4.8.1/../../../../avr/lib/avr5/libc.a(ultoa_ncheck.o)
 .text.avr-libc
                0x00000000       0x44 /opt/case/compilers/avr8-gnu-toolchain-linux_x86/bin/../lib/gcc/avr/4.8.1/../../../../avr/lib/avr5/libc.a(ultoa_ncheck.o)
 .text          0x00000000        0x0 /opt/case/compilers/avr8-gnu-toolchain-linux_x86/bin/../lib/gcc/avr/4.8.1/../../../../avr/lib/avr5/libc.a(utoa.o)
 .bss           0x00000000        0x0 /opt/case/compilers/avr8-gnu-toolchain-linux_x86/bin/../lib/gcc/avr/4.8.1/../../../../avr/lib/avr5/libc.a(utoa.o)
 .text.avr-libc
                0x00000000       0x16 /opt/case/compilers/avr8-gnu-toolchain-linux_x86/bin/../lib/gcc/avr/4.8.1/../../../../avr/lib/avr5/libc.a(utoa.o)
 .text          0x00000000        0x0 /opt/case/compilers/avr8-gnu-toolchain-linux_x86/bin/../lib/gcc/avr/4.8.1/../../../../avr/lib/avr5/libc.a(utoa_ncheck.o)
 .bss           0x00000000        0x0 /opt/case/compilers/avr8-gnu-toolchain-linux_x86/bin/../lib/gcc/avr/4.8.1/../../../../avr/lib/avr5/libc.a(utoa_ncheck.o)
 .text.avr-libc
                0x00000000       0x34 /opt/case/compilers/avr8-gnu-toolchain-linux_x86/bin/../lib/gcc/avr/4.8.1/../../../../avr/lib/avr5/libc.a(utoa_ncheck.o)
 .text          0x00000000        0x0 /opt/case/compilers/avr8-gnu-toolchain-linux_x86/bin/../lib/gcc/avr/4.8.1/../../../../avr/lib/avr5/libc.a(cty_isfalse.o)
 .bss           0x00000000        0x0 /opt/case/compilers/avr8-gnu-toolchain-linux_x86/bin/../lib/gcc/avr/4.8.1/../../../../avr/lib/avr5/libc.a(cty_isfalse.o)
 .text.avr-libc
                0x00000000        0x6 /opt/case/compilers/avr8-gnu-toolchain-linux_x86/bin/../lib/gcc/avr/4.8.1/../../../../avr/lib/avr5/libc.a(cty_isfalse.o)
 .text          0x00000000        0x0 /opt/case/compilers/avr8-gnu-toolchain-linux_x86/bin/../lib/gcc/avr/4.8.1/../../../../avr/lib/avr5/libc.a(strrev.o)
 .bss           0x00000000        0x0 /opt/case/compilers/avr8-gnu-toolchain-linux_x86/bin/../lib/gcc/avr/4.8.1/../../../../avr/lib/avr5/libc.a(strrev.o)
 .text.avr-libc
                0x00000000       0x20 /opt/case/compilers/avr8-gnu-toolchain-linux_x86/bin/../lib/gcc/avr/4.8.1/../../../../avr/lib/avr5/libc.a(strrev.o)

Memory Configuration

Name             Origin             Length             Attributes
text             0x00000000         0x00020000         xr
data             0x00800060         0x0000ffa0         rw !x
eeprom           0x00810000         0x00010000         rw !x
fuse             0x00820000         0x00000400         rw !x
lock             0x00830000         0x00000400         rw !x
signature        0x00840000         0x00000400         rw !x
user_signatures  0x00850000         0x00000400         rw !x
*default*        0x00000000         0xffffffff

Linker script and memory map

Address of section .data set to 0x800100
LOAD /opt/case/compilers/avr8-gnu-toolchain-linux_x86/bin/../lib/gcc/avr/4.8.1/../../../../avr/lib/avr5/crtm328p.o
LOAD obj/eecfg.o
LOAD obj/code.o
LOAD obj/task.o
LOAD ./libee.a
LOAD libarduinosdk.a
LOAD /opt/case/compilers/avr8-gnu-toolchain-linux_x86/bin/../lib/gcc/avr/4.8.1/../../../../avr/lib/avr5/libm.a
START GROUP
LOAD /opt/case/compilers/avr8-gnu-toolchain-linux_x86/bin/../lib/gcc/avr/4.8.1/avr5/libgcc.a
LOAD /opt/case/compilers/avr8-gnu-toolchain-linux_x86/bin/../lib/gcc/avr/4.8.1/../../../../avr/lib/avr5/libm.a
LOAD /opt/case/compilers/avr8-gnu-toolchain-linux_x86/bin/../lib/gcc/avr/4.8.1/../../../../avr/lib/avr5/libc.a
END GROUP

.hash
 *(.hash)

.dynsym
 *(.dynsym)

.dynstr
 *(.dynstr)

.gnu.version
 *(.gnu.version)

.gnu.version_d
 *(.gnu.version_d)

.gnu.version_r
 *(.gnu.version_r)

.rel.init
 *(.rel.init)

.rela.init
 *(.rela.init)

.rel.text
 *(.rel.text)
 *(.rel.text.*)
 *(.rel.gnu.linkonce.t*)

.rela.text
 *(.rela.text)
 *(.rela.text.*)
 *(.rela.gnu.linkonce.t*)

.rel.fini
 *(.rel.fini)

.rela.fini
 *(.rela.fini)

.rel.rodata
 *(.rel.rodata)
 *(.rel.rodata.*)
 *(.rel.gnu.linkonce.r*)

.rela.rodata
 *(.rela.rodata)
 *(.rela.rodata.*)
 *(.rela.gnu.linkonce.r*)

.rel.data
 *(.rel.data)
 *(.rel.data.*)
 *(.rel.gnu.linkonce.d*)

.rela.data
 *(.rela.data)
 *(.rela.data.*)
 *(.rela.gnu.linkonce.d*)

.rel.ctors
 *(.rel.ctors)

.rela.ctors
 *(.rela.ctors)

.rel.dtors
 *(.rel.dtors)

.rela.dtors
 *(.rela.dtors)

.rel.got
 *(.rel.got)

.rela.got
 *(.rela.got)

.rel.bss
 *(.rel.bss)

.rela.bss
 *(.rela.bss)

.rel.plt
 *(.rel.plt)

.rela.plt
 *(.rela.plt)

.text           0x00000000      0xba6
 *(.vectors)
 .vectors       0x00000000       0x68 /opt/case/compilers/avr8-gnu-toolchain-linux_x86/bin/../lib/gcc/avr/4.8.1/../../../../avr/lib/avr5/crtm328p.o
                0x00000000                __vectors
                0x00000000                __vector_default
 *(.vectors)
 *(.progmem.gcc*)
                0x00000068                . = ALIGN (0x2)
                0x00000068                __trampolines_start = .
 *(.trampolines)
 .trampolines   0x00000068        0x0 linker stubs
 *(.trampolines*)
                0x00000068                __trampolines_end = .
 *(.progmem*)
                0x00000068                . = ALIGN (0x2)
 *(.jumptables)
 *(.jumptables*)
 *(.lowtext)
 *(.lowtext*)
                0x00000068                __ctors_start = .
 *(.ctors)
 .ctors         0x00000068        0x2 libarduinosdk.a(HardwareSerial.o)
                0x0000006a                __ctors_end = .
                0x0000006a                __dtors_start = .
 *(.dtors)
                0x0000006a                __dtors_end = .
 SORT(*)(.ctors)
 SORT(*)(.dtors)
 *(.init0)
 .init0         0x0000006a        0x0 /opt/case/compilers/avr8-gnu-toolchain-linux_x86/bin/../lib/gcc/avr/4.8.1/../../../../avr/lib/avr5/crtm328p.o
                0x0000006a                __init
 *(.init0)
 *(.init1)
 *(.init1)
 *(.init2)
 .init2         0x0000006a        0xc /opt/case/compilers/avr8-gnu-toolchain-linux_x86/bin/../lib/gcc/avr/4.8.1/../../../../avr/lib/avr5/crtm328p.o
 *(.init2)
 *(.init3)
 *(.init3)
 *(.init4)
 .init4         0x00000076       0x16 /opt/case/compilers/avr8-gnu-toolchain-linux_x86/bin/../lib/gcc/avr/4.8.1/avr5/libgcc.a(_copy_data.o)
                0x00000076                __do_copy_data
 .init4         0x0000008c       0x10 /opt/case/compilers/avr8-gnu-toolchain-linux_x86/bin/../lib/gcc/avr/4.8.1/avr5/libgcc.a(_clear_bss.o)
                0x0000008c                __do_clear_bss
 *(.init4)
 *(.init5)
 *(.init5)
 *(.init6)
 .init6         0x0000009c       0x16 /opt/case/compilers/avr8-gnu-toolchain-linux_x86/bin/../lib/gcc/avr/4.8.1/avr5/libgcc.a(_ctors.o)
                0x0000009c                __do_global_ctors
 *(.init6)
 *(.init7)
 *(.init7)
 *(.init8)
 *(.init8)
 *(.init9)
 .init9         0x000000b2        0x8 /opt/case/compilers/avr8-gnu-toolchain-linux_x86/bin/../lib/gcc/avr/4.8.1/../../../../avr/lib/avr5/crtm328p.o
 *(.init9)
 *(.text)
 .text          0x000000ba        0x4 /opt/case/compilers/avr8-gnu-toolchain-linux_x86/bin/../lib/gcc/avr/4.8.1/../../../../avr/lib/avr5/crtm328p.o
                0x000000ba                __vector_22
                0x000000ba                __vector_1
                0x000000ba                __vector_24
                0x000000ba                __vector_12
                0x000000ba                __bad_interrupt
                0x000000ba                __vector_6
                0x000000ba                __vector_3
                0x000000ba                __vector_23
                0x000000ba                __vector_25
                0x000000ba                __vector_11
                0x000000ba                __vector_13
                0x000000ba                __vector_17
                0x000000ba                __vector_7
                0x000000ba                __vector_5
                0x000000ba                __vector_4
                0x000000ba                __vector_9
                0x000000ba                __vector_2
                0x000000ba                __vector_21
                0x000000ba                __vector_15
                0x000000ba                __vector_8
                0x000000ba                __vector_14
                0x000000ba                __vector_10
                0x000000ba                __vector_20
                0x000000be                . = ALIGN (0x2)
 *(.text.*)
 .text.loop     0x000000be        0x6 obj/code.o
                0x000000be                loop
 .text.setup    0x000000c4       0x1a obj/code.o
                0x000000c4                setup
 .text.startup.main
                0x000000de       0x20 obj/code.o
                0x000000de                main
 .text.getPulseWidth
                0x000000fe       0x88 obj/task.o
                0x000000fe                getPulseWidth
 .text.FuncTaskL1
                0x00000186       0xca obj/task.o
                0x00000186                FuncTaskL1
 .text.EE_fp_ActivateTask
                0x00000250       0x76 ./libee.a(ee_thact.o)
                0x00000250                EE_fp_ActivateTask
 .text.DUMMY_vect
                0x000002c6        0x4 ./libee.a(ee_intvect.o)
                0x000002c6                tag_DUMMY_vect
                0x000002c6                DUMMY_vect
 .text.EE_atmega_intvect
                0x000002ca        0x4 ./libee.a(ee_intvect.o)
                0x000002ca                EE_atmega_intvect
 .text.EE_std_run_task_code
                0x000002ce       0x24 ./libee.a(ee_context.o)
                0x000002ce                EE_std_run_task_code
 .text.EE_rq2stk_exchange
                0x000002f2       0x22 ./libee.a(ee_rqexchg.o)
                0x000002f2                EE_rq2stk_exchange
 .text.EE_rq_insert
                0x00000314       0x5a ./libee.a(ee_rqinsert.o)
                0x00000314                EE_rq_insert
 .text.EE_thread_end_instance
                0x0000036e       0x78 ./libee.a(ee_thendin.o)
                0x0000036e                EE_thread_end_instance
 .text.__vector_16
                0x000003e6       0x94 libarduinosdk.a(wiring.o)
                0x000003e6                __vector_16
 .text.init     0x0000047a       0x76 libarduinosdk.a(wiring.o)
                0x0000047a                init
 .text._ZN14HardwareSerial9availableEv
                0x000004f0       0x20 libarduinosdk.a(HardwareSerial.o)
                0x000004f0                _ZN14HardwareSerial9availableEv
 .text._ZN14HardwareSerial4peekEv
                0x00000510       0x32 libarduinosdk.a(HardwareSerial.o)
                0x00000510                _ZN14HardwareSerial4peekEv
 .text._ZN14HardwareSerial4readEv
                0x00000542       0x40 libarduinosdk.a(HardwareSerial.o)
                0x00000542                _ZN14HardwareSerial4readEv
 .text._ZN14HardwareSerial5flushEv
                0x00000582       0x16 libarduinosdk.a(HardwareSerial.o)
                0x00000582                _ZN14HardwareSerial5flushEv
 .text._ZN14HardwareSerial5writeEh
                0x00000598       0x7a libarduinosdk.a(HardwareSerial.o)
                0x00000598                _ZN14HardwareSerial5writeEh
 .text._Z11serialEventv
                0x00000612        0x2 libarduinosdk.a(HardwareSerial.o)
                0x00000612                _Z11serialEventv
 .text.__vector_18
                0x00000614       0x74 libarduinosdk.a(HardwareSerial.o)
                0x00000614                __vector_18
 .text._Z14serialEventRunv
                0x00000688       0x12 libarduinosdk.a(HardwareSerial.o)
                0x00000688                _Z14serialEventRunv
 .text.__vector_19
                0x0000069a       0x76 libarduinosdk.a(HardwareSerial.o)
                0x0000069a                __vector_19
 .text._ZN14HardwareSerial5beginEm
                0x00000710      0x102 libarduinosdk.a(HardwareSerial.o)
                0x00000710                _ZN14HardwareSerial5beginEm
 .text.startup._GLOBAL__sub_I_rx_buffer
                0x00000812       0xac libarduinosdk.a(HardwareSerial.o)
 .text._ZN5Print5writeEPKhj
                0x000008be       0x50 libarduinosdk.a(Print.o)
                0x000008be                _ZN5Print5writeEPKhj
 .text.avr-libc.fplib
                0x0000090e        0xa /opt/case/compilers/avr8-gnu-toolchain-linux_x86/bin/../lib/gcc/avr/4.8.1/../../../../avr/lib/avr5/libm.a(fixsfsi.o)
                0x0000090e                __fixsfsi
 .text.avr-libc.fplib
                0x00000918       0x58 /opt/case/compilers/avr8-gnu-toolchain-linux_x86/bin/../lib/gcc/avr/4.8.1/../../../../avr/lib/avr5/libm.a(fixunssfsi.o)
                0x00000918                __fixunssfsi
 .text.avr-libc.fplib
                0x00000970       0x7a /opt/case/compilers/avr8-gnu-toolchain-linux_x86/bin/../lib/gcc/avr/4.8.1/../../../../avr/lib/avr5/libm.a(floatsisf.o)
                0x00000970                __floatunsisf
                0x00000974                __floatsisf
 .text.avr-libc.fplib
                0x000009ea        0xc /opt/case/compilers/avr8-gnu-toolchain-linux_x86/bin/../lib/gcc/avr/4.8.1/../../../../avr/lib/avr5/libm.a(fp_inf.o)
                0x000009ea                __fp_inf
 .text.avr-libc.fplib
                0x000009f6        0x6 /opt/case/compilers/avr8-gnu-toolchain-linux_x86/bin/../lib/gcc/avr/4.8.1/../../../../avr/lib/avr5/libm.a(fp_nan.o)
                0x000009f6                __fp_nan
 .text.avr-libc.fplib
                0x000009fc        0xe /opt/case/compilers/avr8-gnu-toolchain-linux_x86/bin/../lib/gcc/avr/4.8.1/../../../../avr/lib/avr5/libm.a(fp_pscA.o)
                0x000009fc                __fp_pscA
 .text.avr-libc.fplib
                0x00000a0a        0xe /opt/case/compilers/avr8-gnu-toolchain-linux_x86/bin/../lib/gcc/avr/4.8.1/../../../../avr/lib/avr5/libm.a(fp_pscB.o)
                0x00000a0a                __fp_pscB
 .text.avr-libc.fplib
                0x00000a18       0x22 /opt/case/compilers/avr8-gnu-toolchain-linux_x86/bin/../lib/gcc/avr/4.8.1/../../../../avr/lib/avr5/libm.a(fp_round.o)
                0x00000a18                __fp_round
 .text.avr-libc.fplib
                0x00000a3a       0x44 /opt/case/compilers/avr8-gnu-toolchain-linux_x86/bin/../lib/gcc/avr/4.8.1/../../../../avr/lib/avr5/libm.a(fp_split3.o)
                0x00000a3a                __fp_split3
                0x00000a4a                __fp_splitA
 .text.avr-libc.fplib
                0x00000a7e        0xe /opt/case/compilers/avr8-gnu-toolchain-linux_x86/bin/../lib/gcc/avr/4.8.1/../../../../avr/lib/avr5/libm.a(fp_zero.o)
                0x00000a7e                __fp_zero
                0x00000a80                __fp_szero
 .text.avr-libc.fplib
                0x00000a8c        0x4 /opt/case/compilers/avr8-gnu-toolchain-linux_x86/bin/../lib/gcc/avr/4.8.1/../../../../avr/lib/avr5/libm.a(mulsf3.o)
                0x00000a8c                __mulsf3
 .text.avr-libc.fplib
                0x00000a90       0xc2 /opt/case/compilers/avr8-gnu-toolchain-linux_x86/bin/../lib/gcc/avr/4.8.1/../../../../avr/lib/avr5/libm.a(mulsf3x.o)
                0x00000aa4                __mulsf3x
                0x00000aa8                __mulsf3_pse
 .text.libgcc.div
                0x00000b52       0x44 /opt/case/compilers/avr8-gnu-toolchain-linux_x86/bin/../lib/gcc/avr/4.8.1/avr5/libgcc.a(_udivmodsi4.o)
                0x00000b52                __udivmodsi4
 .text.libgcc   0x00000b96        0xc /opt/case/compilers/avr8-gnu-toolchain-linux_x86/bin/../lib/gcc/avr/4.8.1/avr5/libgcc.a(_tablejump.o)
                0x00000b96                __tablejump2__
                0x00000b9a                __tablejump__
                0x00000ba2                . = ALIGN (0x2)
 *(.fini9)
 .fini9         0x00000ba2        0x0 /opt/case/compilers/avr8-gnu-toolchain-linux_x86/bin/../lib/gcc/avr/4.8.1/avr5/libgcc.a(_exit.o)
                0x00000ba2                exit
                0x00000ba2                _exit
 *(.fini9)
 *(.fini8)
 *(.fini8)
 *(.fini7)
 *(.fini7)
 *(.fini6)
 *(.fini6)
 *(.fini5)
 *(.fini5)
 *(.fini4)
 *(.fini4)
 *(.fini3)
 *(.fini3)
 *(.fini2)
 *(.fini2)
 *(.fini1)
 *(.fini1)
 *(.fini0)
 .fini0         0x00000ba2        0x4 /opt/case/compilers/avr8-gnu-toolchain-linux_x86/bin/../lib/gcc/avr/4.8.1/avr5/libgcc.a(_exit.o)
 *(.fini0)
                0x00000ba6                _etext = .

.data           0x00800100       0x18 load address 0x00000ba6
                0x00800100                PROVIDE (__data_start, .)
 *(.data)
 .data          0x00800100        0x0 /opt/case/compilers/avr8-gnu-toolchain-linux_x86/bin/../lib/gcc/avr/4.8.1/../../../../avr/lib/avr5/crtm328p.o
 .data          0x00800100        0x0 obj/eecfg.o
 .data          0x00800100        0x0 obj/code.o
 .data          0x00800100        0x0 obj/task.o
 .data          0x00800100        0x0 ./libee.a(ee_thact.o)
 .data          0x00800100        0x0 ./libee.a(ee_intvect.o)
 .data          0x00800100        0x0 ./libee.a(ee_hal_structs.o)
 .data          0x00800100        0x0 ./libee.a(ee_context.o)
 .data          0x00800100        0x0 ./libee.a(ee_rqexchg.o)
 .data          0x00800100        0x0 ./libee.a(ee_rqinsert.o)
 .data          0x00800100        0x0 ./libee.a(ee_thendin.o)
 .data          0x00800100        0x0 libarduinosdk.a(wiring.o)
 .data          0x00800100        0x0 libarduinosdk.a(HardwareSerial.o)
 .data          0x00800100        0x0 libarduinosdk.a(new.o)
 .data          0x00800100        0x0 libarduinosdk.a(Print.o)
 .data          0x00800100        0x0 libarduinosdk.a(WString.o)
 .data          0x00800100        0x0 libarduinosdk.a(malloc.o)
 .data          0x00800100        0x0 libarduinosdk.a(realloc.o)
 .data          0x00800100        0x0 /opt/case/compilers/avr8-gnu-toolchain-linux_x86/bin/../lib/gcc/avr/4.8.1/../../../../avr/lib/avr5/libm.a(addsf3.o)
 .data          0x00800100        0x0 /opt/case/compilers/avr8-gnu-toolchain-linux_x86/bin/../lib/gcc/avr/4.8.1/../../../../avr/lib/avr5/libm.a(addsf3x.o)
 .data          0x00800100        0x0 /opt/case/compilers/avr8-gnu-toolchain-linux_x86/bin/../lib/gcc/avr/4.8.1/../../../../avr/lib/avr5/libm.a(cmpsf2.o)
 .data          0x00800100        0x0 /opt/case/compilers/avr8-gnu-toolchain-linux_x86/bin/../lib/gcc/avr/4.8.1/../../../../avr/lib/avr5/libm.a(divsf3.o)
 .data          0x00800100        0x0 /opt/case/compilers/avr8-gnu-toolchain-linux_x86/bin/../lib/gcc/avr/4.8.1/../../../../avr/lib/avr5/libm.a(divsf3x.o)
 .data          0x00800100        0x0 /opt/case/compilers/avr8-gnu-toolchain-linux_x86/bin/../lib/gcc/avr/4.8.1/../../../../avr/lib/avr5/libm.a(fixsfsi.o)
 .data          0x00800100        0x0 /opt/case/compilers/avr8-gnu-toolchain-linux_x86/bin/../lib/gcc/avr/4.8.1/../../../../avr/lib/avr5/libm.a(fixunssfsi.o)
 .data          0x00800100        0x0 /opt/case/compilers/avr8-gnu-toolchain-linux_x86/bin/../lib/gcc/avr/4.8.1/../../../../avr/lib/avr5/libm.a(floatsisf.o)
 .data          0x00800100        0x0 /opt/case/compilers/avr8-gnu-toolchain-linux_x86/bin/../lib/gcc/avr/4.8.1/../../../../avr/lib/avr5/libm.a(fp_cmp.o)
 .data          0x00800100        0x0 /opt/case/compilers/avr8-gnu-toolchain-linux_x86/bin/../lib/gcc/avr/4.8.1/../../../../avr/lib/avr5/libm.a(fp_inf.o)
 .data          0x00800100        0x0 /opt/case/compilers/avr8-gnu-toolchain-linux_x86/bin/../lib/gcc/avr/4.8.1/../../../../avr/lib/avr5/libm.a(fp_nan.o)
 .data          0x00800100        0x0 /opt/case/compilers/avr8-gnu-toolchain-linux_x86/bin/../lib/gcc/avr/4.8.1/../../../../avr/lib/avr5/libm.a(fp_pscA.o)
 .data          0x00800100        0x0 /opt/case/compilers/avr8-gnu-toolchain-linux_x86/bin/../lib/gcc/avr/4.8.1/../../../../avr/lib/avr5/libm.a(fp_pscB.o)
 .data          0x00800100        0x0 /opt/case/compilers/avr8-gnu-toolchain-linux_x86/bin/../lib/gcc/avr/4.8.1/../../../../avr/lib/avr5/libm.a(fp_round.o)
 .data          0x00800100        0x0 /opt/case/compilers/avr8-gnu-toolchain-linux_x86/bin/../lib/gcc/avr/4.8.1/../../../../avr/lib/avr5/libm.a(fp_split3.o)
 .data          0x00800100        0x0 /opt/case/compilers/avr8-gnu-toolchain-linux_x86/bin/../lib/gcc/avr/4.8.1/../../../../avr/lib/avr5/libm.a(fp_zero.o)
 .data          0x00800100        0x0 /opt/case/compilers/avr8-gnu-toolchain-linux_x86/bin/../lib/gcc/avr/4.8.1/../../../../avr/lib/avr5/libm.a(gesf2.o)
 .data          0x00800100        0x0 /opt/case/compilers/avr8-gnu-toolchain-linux_x86/bin/../lib/gcc/avr/4.8.1/../../../../avr/lib/avr5/libm.a(mulsf3.o)
 .data          0x00800100        0x0 /opt/case/compilers/avr8-gnu-toolchain-linux_x86/bin/../lib/gcc/avr/4.8.1/../../../../avr/lib/avr5/libm.a(mulsf3x.o)
 .data          0x00800100        0x0 /opt/case/compilers/avr8-gnu-toolchain-linux_x86/bin/../lib/gcc/avr/4.8.1/../../../../avr/lib/avr5/libm.a(unordsf2.o)
 .data          0x00800100        0x0 /opt/case/compilers/avr8-gnu-toolchain-linux_x86/bin/../lib/gcc/avr/4.8.1/avr5/libgcc.a(_udivmodsi4.o)
 .data          0x00800100        0x0 /opt/case/compilers/avr8-gnu-toolchain-linux_x86/bin/../lib/gcc/avr/4.8.1/avr5/libgcc.a(_exit.o)
 .data          0x00800100        0x0 /opt/case/compilers/avr8-gnu-toolchain-linux_x86/bin/../lib/gcc/avr/4.8.1/avr5/libgcc.a(_copy_data.o)
 .data          0x00800100        0x0 /opt/case/compilers/avr8-gnu-toolchain-linux_x86/bin/../lib/gcc/avr/4.8.1/avr5/libgcc.a(_clear_bss.o)
 .data          0x00800100        0x0 /opt/case/compilers/avr8-gnu-toolchain-linux_x86/bin/../lib/gcc/avr/4.8.1/avr5/libgcc.a(_ctors.o)
 .data          0x00800100        0x0 /opt/case/compilers/avr8-gnu-toolchain-linux_x86/bin/../lib/gcc/avr/4.8.1/avr5/libgcc.a(_tablejump.o)
 .data          0x00800100        0x0 /opt/case/compilers/avr8-gnu-toolchain-linux_x86/bin/../lib/gcc/avr/4.8.1/../../../../avr/lib/avr5/libc.a(atol.o)
 .data          0x00800100        0x0 /opt/case/compilers/avr8-gnu-toolchain-linux_x86/bin/../lib/gcc/avr/4.8.1/../../../../avr/lib/avr5/libc.a(isspace.o)
 .data          0x00800100        0x0 /opt/case/compilers/avr8-gnu-toolchain-linux_x86/bin/../lib/gcc/avr/4.8.1/../../../../avr/lib/avr5/libc.a(tolower.o)
 .data          0x00800100        0x0 /opt/case/compilers/avr8-gnu-toolchain-linux_x86/bin/../lib/gcc/avr/4.8.1/../../../../avr/lib/avr5/libc.a(toupper.o)
 .data          0x00800100        0x0 /opt/case/compilers/avr8-gnu-toolchain-linux_x86/bin/../lib/gcc/avr/4.8.1/../../../../avr/lib/avr5/libc.a(memcpy.o)
 .data          0x00800100        0x0 /opt/case/compilers/avr8-gnu-toolchain-linux_x86/bin/../lib/gcc/avr/4.8.1/../../../../avr/lib/avr5/libc.a(memmove.o)
 .data          0x00800100        0x0 /opt/case/compilers/avr8-gnu-toolchain-linux_x86/bin/../lib/gcc/avr/4.8.1/../../../../avr/lib/avr5/libc.a(strchr.o)
 .data          0x00800100        0x0 /opt/case/compilers/avr8-gnu-toolchain-linux_x86/bin/../lib/gcc/avr/4.8.1/../../../../avr/lib/avr5/libc.a(strcmp.o)
 .data          0x00800100        0x0 /opt/case/compilers/avr8-gnu-toolchain-linux_x86/bin/../lib/gcc/avr/4.8.1/../../../../avr/lib/avr5/libc.a(strcpy.o)
 .data          0x00800100        0x0 /opt/case/compilers/avr8-gnu-toolchain-linux_x86/bin/../lib/gcc/avr/4.8.1/../../../../avr/lib/avr5/libc.a(strncmp.o)
 .data          0x00800100        0x0 /opt/case/compilers/avr8-gnu-toolchain-linux_x86/bin/../lib/gcc/avr/4.8.1/../../../../avr/lib/avr5/libc.a(strncpy.o)
 .data          0x00800100        0x0 /opt/case/compilers/avr8-gnu-toolchain-linux_x86/bin/../lib/gcc/avr/4.8.1/../../../../avr/lib/avr5/libc.a(strrchr.o)
 .data          0x00800100        0x0 /opt/case/compilers/avr8-gnu-toolchain-linux_x86/bin/../lib/gcc/avr/4.8.1/../../../../avr/lib/avr5/libc.a(strstr.o)
 .data          0x00800100        0x0 /opt/case/compilers/avr8-gnu-toolchain-linux_x86/bin/../lib/gcc/avr/4.8.1/../../../../avr/lib/avr5/libc.a(itoa.o)
 .data          0x00800100        0x0 /opt/case/compilers/avr8-gnu-toolchain-linux_x86/bin/../lib/gcc/avr/4.8.1/../../../../avr/lib/avr5/libc.a(itoa_ncheck.o)
 .data          0x00800100        0x0 /opt/case/compilers/avr8-gnu-toolchain-linux_x86/bin/../lib/gcc/avr/4.8.1/../../../../avr/lib/avr5/libc.a(ltoa.o)
 .data          0x00800100        0x0 /opt/case/compilers/avr8-gnu-toolchain-linux_x86/bin/../lib/gcc/avr/4.8.1/../../../../avr/lib/avr5/libc.a(ltoa_ncheck.o)
 .data          0x00800100        0x0 /opt/case/compilers/avr8-gnu-toolchain-linux_x86/bin/../lib/gcc/avr/4.8.1/../../../../avr/lib/avr5/libc.a(mulsi10.o)
 .data          0x00800100        0x0 /opt/case/compilers/avr8-gnu-toolchain-linux_x86/bin/../lib/gcc/avr/4.8.1/../../../../avr/lib/avr5/libc.a(ultoa.o)
 .data          0x00800100        0x0 /opt/case/compilers/avr8-gnu-toolchain-linux_x86/bin/../lib/gcc/avr/4.8.1/../../../../avr/lib/avr5/libc.a(ultoa_ncheck.o)
 .data          0x00800100        0x0 /opt/case/compilers/avr8-gnu-toolchain-linux_x86/bin/../lib/gcc/avr/4.8.1/../../../../avr/lib/avr5/libc.a(utoa.o)
 .data          0x00800100        0x0 /opt/case/compilers/avr8-gnu-toolchain-linux_x86/bin/../lib/gcc/avr/4.8.1/../../../../avr/lib/avr5/libc.a(utoa_ncheck.o)
 .data          0x00800100        0x0 /opt/case/compilers/avr8-gnu-toolchain-linux_x86/bin/../lib/gcc/avr/4.8.1/../../../../avr/lib/avr5/libc.a(cty_isfalse.o)
 .data          0x00800100        0x0 /opt/case/compilers/avr8-gnu-toolchain-linux_x86/bin/../lib/gcc/avr/4.8.1/../../../../avr/lib/avr5/libc.a(strrev.o)
 *(.data*)
 .data.EE_rqfirst
                0x00800100        0x1 obj/eecfg.o
                0x00800100                EE_rqfirst
 .data.EE_stkfirst
                0x00800101        0x1 obj/eecfg.o
                0x00800101                EE_stkfirst
 .data.EE_th_next
                0x00800102        0x1 obj/eecfg.o
                0x00800102                EE_th_next
 *(.rodata)
 *(.rodata*)
 .rodata.EE_th_dispatch_prio
                0x00800103        0x1 obj/eecfg.o
                0x00800103                EE_th_dispatch_prio
 .rodata.EE_th_ready_prio
                0x00800104        0x1 obj/eecfg.o
                0x00800104                EE_th_ready_prio
 .rodata.EE_hal_thread_body
                0x00800105        0x2 obj/eecfg.o
                0x00800105                EE_hal_thread_body
 .rodata._ZTV14HardwareSerial
                0x00800107       0x10 libarduinosdk.a(HardwareSerial.o)
                0x00800107                _ZTV14HardwareSerial
 *(.gnu.linkonce.d*)
                0x00800118                . = ALIGN (0x2)
 *fill*         0x00800117        0x1 
                0x00800118                _edata = .
                0x00800118                PROVIDE (__data_end, .)

.bss            0x00800118       0xbe
                0x00800118                PROVIDE (__bss_start, .)
 *(.bss)
 *(.bss*)
 .bss.EE_sys_ceiling
                0x00800118        0x1 obj/eecfg.o
                0x00800118                EE_sys_ceiling
 .bss.timer0_fract
                0x00800119        0x1 libarduinosdk.a(wiring.o)
 .bss.timer0_millis
                0x0080011a        0x4 libarduinosdk.a(wiring.o)
                0x0080011a                timer0_millis
 .bss.timer0_overflow_count
                0x0080011e        0x4 libarduinosdk.a(wiring.o)
                0x0080011e                timer0_overflow_count
 .bss.Serial    0x00800122       0x22 libarduinosdk.a(HardwareSerial.o)
                0x00800122                Serial
 .bss.tx_buffer
                0x00800144       0x44 libarduinosdk.a(HardwareSerial.o)
                0x00800144                tx_buffer
 .bss.rx_buffer
                0x00800188       0x44 libarduinosdk.a(HardwareSerial.o)
                0x00800188                rx_buffer
 *(COMMON)
 COMMON         0x008001cc        0x2 obj/eecfg.o
                0x008001cc                EE_resource_oldceiling
                0x008001cd                EE_th_nact
 COMMON         0x008001ce        0x6 obj/task.o
                0x008001ce                distance
                0x008001d0                duration
 COMMON         0x008001d4        0x2 ./libee.a(ee_hal_structs.o)
                0x008001d4                EE_IRQ_nesting_level
                0x008001d5                EE_std_endcycle_next_tid
                0x008001d6                PROVIDE (__bss_end, .)
                0x00000ba6                __data_load_start = LOADADDR (.data)
                0x00000bbe                __data_load_end = (__data_load_start + SIZEOF (.data))

.noinit         0x008001d6        0x0
                0x008001d6                PROVIDE (__noinit_start, .)
 *(.noinit*)
                0x008001d6                PROVIDE (__noinit_end, .)
                0x008001d6                _end = .
                0x008001d6                PROVIDE (__heap_start, .)

.eeprom         0x00810000        0x0
 *(.eeprom*)
                0x00810000                __eeprom_end = .

.fuse
 *(.fuse)
 *(.lfuse)
 *(.hfuse)
 *(.efuse)

.lock
 *(.lock*)

.signature
 *(.signature*)

.user_signatures
 *(.user_signatures*)

.stab
 *(.stab)

.stabstr
 *(.stabstr)

.stab.excl
 *(.stab.excl)

.stab.exclstr
 *(.stab.exclstr)

.stab.index
 *(.stab.index)

.stab.indexstr
 *(.stab.indexstr)

.comment        0x00000000       0x30
 *(.comment)
 .comment       0x00000000       0x30 obj/eecfg.o
                                 0x31 (size before relaxing)
 .comment       0x00000000       0x31 obj/code.o
 .comment       0x00000000       0x31 obj/task.o
 .comment       0x00000000       0x31 ./libee.a(ee_thact.o)
 .comment       0x00000000       0x31 ./libee.a(ee_intvect.o)
 .comment       0x00000000       0x31 ./libee.a(ee_hal_structs.o)
 .comment       0x00000000       0x31 ./libee.a(ee_context.o)
 .comment       0x00000000       0x31 ./libee.a(ee_rqexchg.o)
 .comment       0x00000000       0x31 ./libee.a(ee_rqinsert.o)
 .comment       0x00000000       0x31 ./libee.a(ee_thendin.o)
 .comment       0x00000000       0x31 libarduinosdk.a(wiring.o)
 .comment       0x00000000       0x31 libarduinosdk.a(HardwareSerial.o)
 .comment       0x00000000       0x31 libarduinosdk.a(new.o)
 .comment       0x00000000       0x31 libarduinosdk.a(Print.o)
 .comment       0x00000000       0x31 libarduinosdk.a(WString.o)
 .comment       0x00000000       0x31 libarduinosdk.a(malloc.o)
 .comment       0x00000000       0x31 libarduinosdk.a(realloc.o)

.debug
 *(.debug)

.line
 *(.line)

.debug_srcinfo
 *(.debug_srcinfo)

.debug_sfnames
 *(.debug_sfnames)

.debug_aranges  0x00000000      0x5f0
 *(.debug_aranges)
 .debug_aranges
                0x00000000       0x18 obj/eecfg.o
 .debug_aranges
                0x00000018       0x30 obj/code.o
 .debug_aranges
                0x00000048       0x28 obj/task.o
 .debug_aranges
                0x00000070       0x20 ./libee.a(ee_thact.o)
 .debug_aranges
                0x00000090       0x28 ./libee.a(ee_intvect.o)
 .debug_aranges
                0x000000b8       0x18 ./libee.a(ee_hal_structs.o)
 .debug_aranges
                0x000000d0       0x20 ./libee.a(ee_context.o)
 .debug_aranges
                0x000000f0       0x20 ./libee.a(ee_rqexchg.o)
 .debug_aranges
                0x00000110       0x20 ./libee.a(ee_rqinsert.o)
 .debug_aranges
                0x00000130       0x20 ./libee.a(ee_thendin.o)
 .debug_aranges
                0x00000150       0x48 libarduinosdk.a(wiring.o)
 .debug_aranges
                0x00000198       0x90 libarduinosdk.a(HardwareSerial.o)
 .debug_aranges
                0x00000228       0x58 libarduinosdk.a(new.o)
 .debug_aranges
                0x00000280       0xf0 libarduinosdk.a(Print.o)
 .debug_aranges
                0x00000370      0x238 libarduinosdk.a(WString.o)
 .debug_aranges
                0x000005a8       0x28 libarduinosdk.a(malloc.o)
 .debug_aranges
                0x000005d0       0x20 libarduinosdk.a(realloc.o)

.debug_pubnames
 *(.debug_pubnames)

.debug_info     0x00000000     0x9011
 *(.debug_info)
 .debug_info    0x00000000      0x19f obj/eecfg.o
 .debug_info    0x0000019f      0x2c7 obj/code.o
 .debug_info    0x00000466      0x37e obj/task.o
 .debug_info    0x000007e4      0x398 ./libee.a(ee_thact.o)
 .debug_info    0x00000b7c      0x10d ./libee.a(ee_intvect.o)
 .debug_info    0x00000c89       0xdf ./libee.a(ee_hal_structs.o)
 .debug_info    0x00000d68      0x1d9 ./libee.a(ee_context.o)
 .debug_info    0x00000f41      0x10d ./libee.a(ee_rqexchg.o)
 .debug_info    0x0000104e      0x14b ./libee.a(ee_rqinsert.o)
 .debug_info    0x00001199      0x220 ./libee.a(ee_thendin.o)
 .debug_info    0x000013b9      0x2b4 libarduinosdk.a(wiring.o)
 .debug_info    0x0000166d     0x1aab libarduinosdk.a(HardwareSerial.o)
 .debug_info    0x00003118      0x230 libarduinosdk.a(new.o)
 .debug_info    0x00003348     0x2461 libarduinosdk.a(Print.o)
 .debug_info    0x000057a9     0x339d libarduinosdk.a(WString.o)
 .debug_info    0x00008b46      0x23f libarduinosdk.a(malloc.o)
 .debug_info    0x00008d85      0x28c libarduinosdk.a(realloc.o)
 *(.gnu.linkonce.wi.*)

.debug_abbrev   0x00000000     0x1b44
 *(.debug_abbrev)
 .debug_abbrev  0x00000000       0x6d obj/eecfg.o
 .debug_abbrev  0x0000006d      0x15d obj/code.o
 .debug_abbrev  0x000001ca      0x14d obj/task.o
 .debug_abbrev  0x00000317      0x19c ./libee.a(ee_thact.o)
 .debug_abbrev  0x000004b3       0x6e ./libee.a(ee_intvect.o)
 .debug_abbrev  0x00000521       0x61 ./libee.a(ee_hal_structs.o)
 .debug_abbrev  0x00000582       0xf8 ./libee.a(ee_context.o)
 .debug_abbrev  0x0000067a       0x81 ./libee.a(ee_rqexchg.o)
 .debug_abbrev  0x000006fb       0xa4 ./libee.a(ee_rqinsert.o)
 .debug_abbrev  0x0000079f      0x123 ./libee.a(ee_thendin.o)
 .debug_abbrev  0x000008c2      0x132 libarduinosdk.a(wiring.o)
 .debug_abbrev  0x000009f4      0x513 libarduinosdk.a(HardwareSerial.o)
 .debug_abbrev  0x00000f07      0x140 libarduinosdk.a(new.o)
 .debug_abbrev  0x00001047      0x43a libarduinosdk.a(Print.o)
 .debug_abbrev  0x00001481      0x472 libarduinosdk.a(WString.o)
 .debug_abbrev  0x000018f3       0xfb libarduinosdk.a(malloc.o)
 .debug_abbrev  0x000019ee      0x156 libarduinosdk.a(realloc.o)

.debug_line     0x00000000     0x25e0
 *(.debug_line)
 .debug_line    0x00000000       0x9c obj/eecfg.o
 .debug_line    0x0000009c      0x29a obj/code.o
 .debug_line    0x00000336      0x1c5 obj/task.o
 .debug_line    0x000004fb      0x1ea ./libee.a(ee_thact.o)
 .debug_line    0x000006e5      0x152 ./libee.a(ee_intvect.o)
 .debug_line    0x00000837      0x10c ./libee.a(ee_hal_structs.o)
 .debug_line    0x00000943      0x179 ./libee.a(ee_context.o)
 .debug_line    0x00000abc      0x13e ./libee.a(ee_rqexchg.o)
 .debug_line    0x00000bfa      0x14e ./libee.a(ee_rqinsert.o)
 .debug_line    0x00000d48      0x189 ./libee.a(ee_thendin.o)
 .debug_line    0x00000ed1      0x1bd libarduinosdk.a(wiring.o)
 .debug_line    0x0000108e      0x35c libarduinosdk.a(HardwareSerial.o)
 .debug_line    0x000013ea      0x1cb libarduinosdk.a(new.o)
 .debug_line    0x000015b5      0x450 libarduinosdk.a(Print.o)
 .debug_line    0x00001a05      0x895 libarduinosdk.a(WString.o)
 .debug_line    0x0000229a      0x1b3 libarduinosdk.a(malloc.o)
 .debug_line    0x0000244d      0x193 libarduinosdk.a(realloc.o)

.debug_frame    0x00000000     0x1188
 *(.debug_frame)
 .debug_frame   0x00000000       0x44 obj/code.o
 .debug_frame   0x00000044       0x34 obj/task.o
 .debug_frame   0x00000078       0x34 ./libee.a(ee_thact.o)
 .debug_frame   0x000000ac       0x34 ./libee.a(ee_intvect.o)
 .debug_frame   0x000000e0       0x24 ./libee.a(ee_context.o)
 .debug_frame   0x00000104       0x24 ./libee.a(ee_rqexchg.o)
 .debug_frame   0x00000128       0x24 ./libee.a(ee_rqinsert.o)
 .debug_frame   0x0000014c       0x24 ./libee.a(ee_thendin.o)
 .debug_frame   0x00000170       0xbc libarduinosdk.a(wiring.o)
 .debug_frame   0x0000022c      0x1f8 libarduinosdk.a(HardwareSerial.o)
 .debug_frame   0x00000424       0x94 libarduinosdk.a(new.o)
 .debug_frame   0x000004b8      0x3ec libarduinosdk.a(Print.o)
 .debug_frame   0x000008a4      0x82c libarduinosdk.a(WString.o)
 .debug_frame   0x000010d0       0x4c libarduinosdk.a(malloc.o)
 .debug_frame   0x0000111c       0x6c libarduinosdk.a(realloc.o)

.debug_str      0x00000000     0x1e5d
 *(.debug_str)
 .debug_str     0x00000000      0x196 obj/eecfg.o
                                0x1ca (size before relaxing)
 .debug_str     0x00000196      0x197 obj/code.o
                                0x260 (size before relaxing)
 .debug_str     0x0000032d       0xc4 obj/task.o
                                0x198 (size before relaxing)
 .debug_str     0x000003f1      0x19a ./libee.a(ee_thact.o)
                                0x2f6 (size before relaxing)
 .debug_str     0x0000058b       0x4b ./libee.a(ee_intvect.o)
                                0x184 (size before relaxing)
 .debug_str     0x000005d6       0x3d ./libee.a(ee_hal_structs.o)
                                0x164 (size before relaxing)
 .debug_str     0x00000613       0x62 ./libee.a(ee_context.o)
                                0x1fe (size before relaxing)
 .debug_str     0x00000675       0x3d ./libee.a(ee_rqexchg.o)
                                0x177 (size before relaxing)
 .debug_str     0x000006b2       0x39 ./libee.a(ee_rqinsert.o)
                                0x183 (size before relaxing)
 .debug_str     0x000006eb       0x95 ./libee.a(ee_thendin.o)
                                0x243 (size before relaxing)
 .debug_str     0x00000780       0xae libarduinosdk.a(wiring.o)
                                0x19b (size before relaxing)
 .debug_str     0x0000082e      0xd1b libarduinosdk.a(HardwareSerial.o)
                                0xf5d (size before relaxing)
 .debug_str     0x00001549      0x104 libarduinosdk.a(new.o)
                                0x1ae (size before relaxing)
 .debug_str     0x0000164d      0x3d6 libarduinosdk.a(Print.o)
                                0xcd6 (size before relaxing)
 .debug_str     0x00001a23      0x300 libarduinosdk.a(WString.o)
                                0xbb7 (size before relaxing)
 .debug_str     0x00001d23       0xd7 libarduinosdk.a(malloc.o)
                                0x1a7 (size before relaxing)
 .debug_str     0x00001dfa       0x63 libarduinosdk.a(realloc.o)
                                0x187 (size before relaxing)

.debug_loc      0x00000000     0x67a3
 *(.debug_loc)
 .debug_loc     0x00000000      0x1f9 obj/task.o
 .debug_loc     0x000001f9       0xc4 ./libee.a(ee_thact.o)
 .debug_loc     0x000002bd       0x21 ./libee.a(ee_context.o)
 .debug_loc     0x000002de       0x6b ./libee.a(ee_rqinsert.o)
 .debug_loc     0x00000349      0x22b libarduinosdk.a(wiring.o)
 .debug_loc     0x00000574      0x744 libarduinosdk.a(HardwareSerial.o)
 .debug_loc     0x00000cb8       0xc0 libarduinosdk.a(new.o)
 .debug_loc     0x00000d78     0x1fa6 libarduinosdk.a(Print.o)
 .debug_loc     0x00002d1e     0x30e4 libarduinosdk.a(WString.o)
 .debug_loc     0x00005e02      0x4e6 libarduinosdk.a(malloc.o)
 .debug_loc     0x000062e8      0x4bb libarduinosdk.a(realloc.o)

.debug_macinfo
 *(.debug_macinfo)

.debug_pubtypes
 *(.debug_pubtypes)

.debug_ranges   0x00000000      0x5b0
 *(.debug_ranges)
 .debug_ranges  0x00000000       0x20 obj/code.o
 .debug_ranges  0x00000020       0x18 obj/task.o
 .debug_ranges  0x00000038       0x10 ./libee.a(ee_thact.o)
 .debug_ranges  0x00000048       0x18 ./libee.a(ee_intvect.o)
 .debug_ranges  0x00000060       0x10 ./libee.a(ee_context.o)
 .debug_ranges  0x00000070       0x10 ./libee.a(ee_rqexchg.o)
 .debug_ranges  0x00000080       0x10 ./libee.a(ee_rqinsert.o)
 .debug_ranges  0x00000090       0x10 ./libee.a(ee_thendin.o)
 .debug_ranges  0x000000a0       0x38 libarduinosdk.a(wiring.o)
 .debug_ranges  0x000000d8       0x80 libarduinosdk.a(HardwareSerial.o)
 .debug_ranges  0x00000158       0x48 libarduinosdk.a(new.o)
 .debug_ranges  0x000001a0      0x158 libarduinosdk.a(Print.o)
 .debug_ranges  0x000002f8      0x290 libarduinosdk.a(WString.o)
 .debug_ranges  0x00000588       0x18 libarduinosdk.a(malloc.o)
 .debug_ranges  0x000005a0       0x10 libarduinosdk.a(realloc.o)

.debug_macro
 *(.debug_macro)
OUTPUT(arduino.elf elf32-avr)
LOAD linker stubs
